Archive member included because of file (symbol)

build/sky/contiki-ng-sky.a(uart1-putchar.o)
                              build/sky/obj/contiki-main.o (putchar)
build/sky/contiki-ng-sky.a(platform.o)
                              build/sky/obj/contiki-main.o (platform_init_stage_one)
build/sky/contiki-ng-sky.a(msp430.o)
                              build/sky/contiki-ng-sky.a(platform.o) (msp430_dco_required)
build/sky/contiki-ng-sky.a(clock.o)
                              build/sky/obj/contiki-main.o (clock_init)
build/sky/contiki-ng-sky.a(leds.o)
                              build/sky/contiki-ng-sky.a(platform.o) (leds_init)
build/sky/contiki-ng-sky.a(leds-arch.o)
                              build/sky/contiki-ng-sky.a(leds.o) (leds_arch_init)
build/sky/contiki-ng-sky.a(watchdog.o)
                              build/sky/obj/contiki-main.o (watchdog_start)
build/sky/contiki-ng-sky.a(autostart.o)
                              build/sky/obj/contiki-main.o (autostart_start)
build/sky/contiki-ng-sky.a(ctimer.o)
                              build/sky/obj/contiki-main.o (ctimer_init)
build/sky/contiki-ng-sky.a(energest.o)
                              build/sky/obj/contiki-main.o (energest_init)
build/sky/contiki-ng-sky.a(etimer.o)
                              build/sky/contiki-ng-sky.a(clock.o) (etimer_request_poll)
build/sky/contiki-ng-sky.a(log.o)
                              build/sky/obj/contiki-main.o (log_lladdr)
build/sky/contiki-ng-sky.a(node-id.o)
                              build/sky/obj/contiki-main.o (node_id_init)
build/sky/contiki-ng-sky.a(process.o)
                              build/sky/contiki-ng-sky.a(ctimer.o) (process_current)
build/sky/contiki-ng-sky.a(rtimer.o)
                              build/sky/obj/contiki-main.o (rtimer_init)
build/sky/contiki-ng-sky.a(stack-check.o)
                              build/sky/obj/contiki-main.o (stack_check_init)
build/sky/contiki-ng-sky.a(timer.o)
                              build/sky/contiki-ng-sky.a(platform.o) (timer_set)
build/sky/contiki-ng-sky.a(list.o)
                              build/sky/contiki-ng-sky.a(ctimer.o) (list_init)
build/sky/contiki-ng-sky.a(random.o)
                              build/sky/contiki-ng-sky.a(platform.o) (random_init)
build/sky/contiki-ng-sky.a(serial-line.o)
                              build/sky/contiki-ng-sky.a(platform.o) (serial_line_input_byte)
build/sky/contiki-ng-sky.a(linkaddr.o)
                              build/sky/contiki-ng-sky.a(platform.o) (linkaddr_copy)
build/sky/contiki-ng-sky.a(netstack.o)
                              build/sky/obj/contiki-main.o (netstack_init)
build/sky/contiki-ng-sky.a(queuebuf.o)
                              build/sky/obj/contiki-main.o (queuebuf_init)
build/sky/contiki-ng-sky.a(csma.o)
                              build/sky/obj/contiki-main.o (csma_driver)
build/sky/contiki-ng-sky.a(nullnet.o)
                              build/sky/obj/contiki-main.o (nullnet_driver)
build/sky/contiki-ng-sky.a(nullrouting.o)
                              build/sky/obj/contiki-main.o (nullrouting_driver)
build/sky/contiki-ng-sky.a(contiki-sky-pla)
                              build/sky/contiki-ng-sky.a(platform.o) (init_platform)
build/sky/contiki-ng-sky.a(button-sensor.o)
                              build/sky/contiki-ng-sky.a(contiki-sky-pla) (button_sensor)
build/sky/contiki-ng-sky.a(ds2411.o)
                              build/sky/contiki-ng-sky.a(platform.o) (ds2411_init)
build/sky/contiki-ng-sky.a(xmem.o)
                              build/sky/contiki-ng-sky.a(platform.o) (xmem_init)
build/sky/contiki-ng-sky.a(sensors.o)
                              build/sky/contiki-ng-sky.a(button-sensor.o) (sensors_changed)
build/sky/contiki-ng-sky.a(cc2420.o)
                              build/sky/contiki-ng-sky.a(platform.o) (cc2420_set_pan_addr)
build/sky/contiki-ng-sky.a(cc2420-arch.o)
                              build/sky/contiki-ng-sky.a(cc2420.o) (cc2420_arch_init)
build/sky/contiki-ng-sky.a(uart1.o)
                              build/sky/contiki-ng-sky.a(platform.o) (uart1_active)
build/sky/contiki-ng-sky.a(rtimer-arch.o)
                              build/sky/contiki-ng-sky.a(rtimer.o) (rtimer_arch_init)
build/sky/contiki-ng-sky.a(memb.o)
                              build/sky/contiki-ng-sky.a(queuebuf.o) (memb_init)
build/sky/contiki-ng-sky.a(ringbuf.o)
                              build/sky/contiki-ng-sky.a(serial-line.o) (ringbuf_init)
build/sky/contiki-ng-sky.a(packetbuf.o)
                              build/sky/contiki-ng-sky.a(cc2420.o) (packetbuf_set_datalen)
build/sky/contiki-ng-sky.a(mac-sequence.o)
                              build/sky/contiki-ng-sky.a(csma.o) (mac_sequence_is_duplicate)
build/sky/contiki-ng-sky.a(framer-802154.o)
                              build/sky/contiki-ng-sky.a(csma.o) (framer_802154)
build/sky/contiki-ng-sky.a(csma-output.o)
                              build/sky/contiki-ng-sky.a(csma.o) (csma_output_packet)
[...]
Memory Configuration

Name             Origin             Length             Attributes
sfr              0x0000000000000000 0x0000000000000010
peripheral_8bit  0x0000000000000010 0x00000000000000f0
peripheral_16bit 0x0000000000000100 0x0000000000000100
ram_mirror       0x0000000000000200 0x0000000000000800 xw
infomem          0x0000000000001000 0x0000000000000100
infob            0x0000000000001000 0x0000000000000080
infoa            0x0000000000001080 0x0000000000000080
ram              0x0000000000001100 0x0000000000002800 xw
rom              0x0000000000004000 0x000000000000bfe0 xr
vectors          0x000000000000ffe0 0x0000000000000020
bsl              0x0000000000000000 0x0000000000000000
infoc            0x0000000000000000 0x0000000000000000
infod            0x0000000000000000 0x0000000000000000
ram2             0x0000000000000000 0x0000000000000000 xw
usbram           0x0000000000000000 0x0000000000000000 xw
far_rom          0x0000000000000000 0x0000000000000000
*default*        0x0000000000000000 0xffffffffffffffff

Linker script and memory map

LOAD /usr/local/bin/../lib/gcc/msp430/4.7.4/mmpy-16/crt0ivtbl16.o
                0x0000000000001cbe                _stack = _end
LOAD sender.o
LOAD build/sky/obj/contiki-main.o
LOAD build/sky/contiki-ng-sky.a
LOAD /usr/local/bin/../lib/gcc/msp430/4.7.4/mmpy-16/libgcc.a
LOAD /usr/local/bin/../lib/gcc/msp430/4.7.4/../../../../msp430/lib/mmpy-16/libc.a
LOAD /usr/local/bin/../lib/gcc/msp430/4.7.4/mmpy-16/libgcc.a
LOAD /usr/local/bin/../lib/gcc/msp430/4.7.4/mmpy-16/libcrt0.a
                0x0000000000000080                PROVIDE (__info_segment_size, 0x80)
                0x0000000000001000                PROVIDE (__infob, 0x1000)
                0x0000000000001080                PROVIDE (__infoa, 0x1080)
                0x0000000000000000                __IE1 = 0x0
                0x0000000000000002                __IFG1 = 0x2
                0x0000000000000004                __ME1 = 0x4
                0x0000000000000001                __IE2 = 0x1
                0x0000000000000003                __IFG2 = 0x3
                0x0000000000000005                __ME2 = 0x5
                0x0000000000000120                __WDTCTL = 0x120
                0x0000000000000130                __MPY = 0x130
                0x0000000000000132                __MPYS = 0x132
                0x0000000000000134                __MAC = 0x134
                0x0000000000000136                __MACS = 0x136
                0x0000000000000138                __OP2 = 0x138
                0x000000000000013a                __RESLO = 0x13a
                0x000000000000013c                __RESHI = 0x13c
                0x000000000000013e                __SUMEXT = 0x13e
                0x0000000000000020                __P1IN = 0x20
                0x0000000000000021                __P1OUT = 0x21
                0x0000000000000022                __P1DIR = 0x22
                0x0000000000000023                __P1IFG = 0x23
                0x0000000000000024                __P1IES = 0x24
                0x0000000000000025                __P1IE = 0x25
                0x0000000000000026                __P1SEL = 0x26
                0x0000000000000028                __P2IN = 0x28
                0x0000000000000029                __P2OUT = 0x29
                0x000000000000002a                __P2DIR = 0x2a
                0x000000000000002b                __P2IFG = 0x2b
                0x000000000000002c                __P2IES = 0x2c
                0x000000000000002d                __P2IE = 0x2d
                0x000000000000002e                __P2SEL = 0x2e
                0x0000000000000018                __P3IN = 0x18
                0x0000000000000019                __P3OUT = 0x19
                0x000000000000001a                __P3DIR = 0x1a
                0x000000000000001b                __P3SEL = 0x1b
                0x000000000000001c                __P4IN = 0x1c
                0x000000000000001d                __P4OUT = 0x1d
                0x000000000000001e                __P4DIR = 0x1e
                0x000000000000001f                __P4SEL = 0x1f
                0x0000000000000030                __P5IN = 0x30
                0x0000000000000031                __P5OUT = 0x31
                0x0000000000000032                __P5DIR = 0x32
                0x0000000000000033                __P5SEL = 0x33
                0x0000000000000034                __P6IN = 0x34
                0x0000000000000035                __P6OUT = 0x35
                0x0000000000000036                __P6DIR = 0x36
                0x0000000000000037                __P6SEL = 0x37
                0x0000000000000070                __U0CTL = 0x70
                0x0000000000000071                __U0TCTL = 0x71
                0x0000000000000072                __U0RCTL = 0x72
                0x0000000000000073                __U0MCTL = 0x73
                0x0000000000000074                __U0BR0 = 0x74
                0x0000000000000075                __U0BR1 = 0x75
                0x0000000000000076                __U0RXBUF = 0x76
                0x0000000000000077                __U0TXBUF = 0x77
                0x0000000000000078                __U1CTL = 0x78
                0x0000000000000079                __U1TCTL = 0x79
                0x000000000000007a                __U1RCTL = 0x7a
                0x000000000000007b                __U1MCTL = 0x7b
                0x000000000000007c                __U1BR0 = 0x7c
                0x000000000000007d                __U1BR1 = 0x7d
                0x000000000000007e                __U1RXBUF = 0x7e
                0x000000000000007f                __U1TXBUF = 0x7f
                0x0000000000000050                __I2CIE = 0x50
                0x0000000000000051                __I2CIFG = 0x51
                0x0000000000000052                __I2CNDAT = 0x52
                0x0000000000000071                __I2CTCTL = 0x71
                0x0000000000000072                __I2CDCTL = 0x72
                0x0000000000000073                __I2CPSC = 0x73
                0x0000000000000074                __I2CSCLH = 0x74
                0x0000000000000075                __I2CSCLL = 0x75
                0x0000000000000076                __I2CDRB = 0x76
                0x0000000000000076                __I2CDRW = 0x76
                0x0000000000000118                __I2COA = 0x118
                0x000000000000011a                __I2CSA = 0x11a
                0x000000000000011c                __I2CIV = 0x11c
                0x000000000000012e                __TAIV = 0x12e
                0x0000000000000160                __TACTL = 0x160
                0x0000000000000162                __TACCTL0 = 0x162
                0x0000000000000164                __TACCTL1 = 0x164
                0x0000000000000166                __TACCTL2 = 0x166
                0x0000000000000170                __TAR = 0x170
                0x0000000000000172                __TACCR0 = 0x172
                0x0000000000000174                __TACCR1 = 0x174
                0x0000000000000176                __TACCR2 = 0x176
                0x000000000000011e                __TBIV = 0x11e
                0x0000000000000180                __TBCTL = 0x180
                0x0000000000000182                __TBCCTL0 = 0x182
                0x0000000000000184                __TBCCTL1 = 0x184
                0x0000000000000186                __TBCCTL2 = 0x186
                0x0000000000000188                __TBCCTL3 = 0x188
                0x000000000000018a                __TBCCTL4 = 0x18a
                0x000000000000018c                __TBCCTL5 = 0x18c
                0x000000000000018e                __TBCCTL6 = 0x18e
                0x0000000000000190                __TBR = 0x190
                0x0000000000000192                __TBCCR0 = 0x192
                0x0000000000000194                __TBCCR1 = 0x194
                0x0000000000000196                __TBCCR2 = 0x196
                0x0000000000000198                __TBCCR3 = 0x198
                0x000000000000019a                __TBCCR4 = 0x19a
                0x000000000000019c                __TBCCR5 = 0x19c
                0x000000000000019e                __TBCCR6 = 0x19e
                0x0000000000000056                __DCOCTL = 0x56
                0x0000000000000057                __BCSCTL1 = 0x57
                0x0000000000000058                __BCSCTL2 = 0x58
                0x0000000000000055                __SVSCTL = 0x55
                0x0000000000000128                __FCTL1 = 0x128
                0x000000000000012a                __FCTL2 = 0x12a
                0x000000000000012c                __FCTL3 = 0x12c
                0x0000000000000059                __CACTL1 = 0x59
                0x000000000000005a                __CACTL2 = 0x5a
                0x000000000000005b                __CAPD = 0x5b
                0x00000000000001a0                __ADC12CTL0 = 0x1a0
                0x00000000000001a2                __ADC12CTL1 = 0x1a2
                0x00000000000001a4                __ADC12IFG = 0x1a4
                0x00000000000001a6                __ADC12IE = 0x1a6
                0x00000000000001a8                __ADC12IV = 0x1a8
                0x0000000000000140                __ADC12MEM0 = 0x140
                0x0000000000000142                __ADC12MEM1 = 0x142
                0x0000000000000144                __ADC12MEM2 = 0x144
                0x0000000000000146                __ADC12MEM3 = 0x146
                0x0000000000000148                __ADC12MEM4 = 0x148
                0x000000000000014a                __ADC12MEM5 = 0x14a
                0x000000000000014c                __ADC12MEM6 = 0x14c
                0x000000000000014e                __ADC12MEM7 = 0x14e
                0x0000000000000150                __ADC12MEM8 = 0x150
                0x0000000000000152                __ADC12MEM9 = 0x152
                0x0000000000000154                __ADC12MEM10 = 0x154
                0x0000000000000156                __ADC12MEM11 = 0x156
                0x0000000000000158                __ADC12MEM12 = 0x158
                0x000000000000015a                __ADC12MEM13 = 0x15a
                0x000000000000015c                __ADC12MEM14 = 0x15c
                0x000000000000015e                __ADC12MEM15 = 0x15e
                0x0000000000000080                __ADC12MCTL0 = 0x80
                0x0000000000000081                __ADC12MCTL1 = 0x81
                0x0000000000000082                __ADC12MCTL2 = 0x82
                0x0000000000000083                __ADC12MCTL3 = 0x83
                0x0000000000000084                __ADC12MCTL4 = 0x84
                0x0000000000000085                __ADC12MCTL5 = 0x85
                0x0000000000000086                __ADC12MCTL6 = 0x86
                0x0000000000000087                __ADC12MCTL7 = 0x87
                0x0000000000000088                __ADC12MCTL8 = 0x88
                0x0000000000000089                __ADC12MCTL9 = 0x89
                0x000000000000008a                __ADC12MCTL10 = 0x8a
                0x000000000000008b                __ADC12MCTL11 = 0x8b
                0x000000000000008c                __ADC12MCTL12 = 0x8c
                0x000000000000008d                __ADC12MCTL13 = 0x8d
                0x000000000000008e                __ADC12MCTL14 = 0x8e
                0x000000000000008f                __ADC12MCTL15 = 0x8f
                0x00000000000001c0                __DAC12_0CTL = 0x1c0
                0x00000000000001c2                __DAC12_1CTL = 0x1c2
                0x00000000000001c8                __DAC12_0DAT = 0x1c8
                0x00000000000001ca                __DAC12_1DAT = 0x1ca
                0x0000000000000122                __DMACTL0 = 0x122
                0x0000000000000124                __DMACTL1 = 0x124
                0x00000000000001e0                __DMA0CTL = 0x1e0
                0x00000000000001e8                __DMA1CTL = 0x1e8
                0x00000000000001f0                __DMA2CTL = 0x1f0
                0x00000000000001e2                __DMA0SA = 0x1e2
                0x00000000000001e4                __DMA0DA = 0x1e4
                0x00000000000001e6                __DMA0SZ = 0x1e6
                0x00000000000001ea                __DMA1SA = 0x1ea
                0x00000000000001ec                __DMA1DA = 0x1ec
                0x00000000000001ee                __DMA1SZ = 0x1ee
                0x00000000000001f2                __DMA2SA = 0x1f2
                0x00000000000001f4                __DMA2DA = 0x1f4
                0x00000000000001f6                __DMA2SZ = 0x1f6

.hash
 *(.hash)

.dynsym
 *(.dynsym)

.dynstr
 *(.dynstr)

.gnu.version
 *(.gnu.version)

.gnu.version_d
 *(.gnu.version_d)

.gnu.version_r
 *(.gnu.version_r)

.rel.init
 *(.rel.init)

.rela.init
 *(.rela.init)

.rel.fini
 *(.rel.fini)

.rela.fini
 *(.rela.fini)

.rel.text
 *(.rel.text .rel.text.* .rel.gnu.linkonce.t.*)

.rela.text
 *(.rela.text .rela.text.* .rela.gnu.linkonce.t.*)

.rel.rodata
 *(.rel.rodata .rel.rodata.* .rel.gnu.linkonce.r.*)

.rela.rodata
 *(.rela.rodata .rela.rodata.* .rela.gnu.linkonce.r.*)

.rel.data
 *(.rel.data .rel.data.* .rel.gnu.linkonce.d.*)

.rela.data
 *(.rela.data .rela.data.* .rela.gnu.linkonce.d.*)

.rel.bss
 *(.rel.bss .rel.bss.* .rel.gnu.linkonce.b.*)

.rela.bss
 *(.rela.bss .rela.bss.* .rela.gnu.linkonce.b.*)

.rel.ctors
 *(.rel.ctors)

.rela.ctors
 *(.rela.ctors)

.rel.dtors
 *(.rel.dtors)

.rela.dtors
 *(.rela.dtors)

.rel.got
 *(.rel.got)

.rela.got
 *(.rela.got)

.rel.plt
 *(.rel.plt)

.rela.plt
 *(.rela.plt)

.text           0x0000000000004000     0x41ec
                0x0000000000004000                . = ALIGN (0x2)
 *(.init .init.*)
 *(.init0)
 .init0         0x0000000000004000        0x0 /usr/local/bin/../lib/gcc/msp430/4.7.4/mmpy-16/libcrt0.a(_reset_vector__.o)
                0x0000000000004000                _reset_vector__
 *(.init1)
 .init1         0x0000000000004000        0xc /usr/local/bin/../lib/gcc/msp430/4.7.4/mmpy-16/libcrt0.a(__watchdog_support.o)
                0x0000000000004000                __watchdog_support
 *(.init2)
 .init2         0x000000000000400c        0x4 /usr/local/bin/../lib/gcc/msp430/4.7.4/mmpy-16/libcrt0.a(__init_stack.o)
                0x000000000000400c                __init_stack
 *(.init3)
 .init3         0x0000000000004010        0x0 /usr/local/bin/../lib/gcc/msp430/4.7.4/mmpy-16/libcrt0.a(__low_level_init.o)
                0x0000000000004010                __low_level_init
 *(.init4)
 .init4         0x0000000000004010       0x18 /usr/local/bin/../lib/gcc/msp430/4.7.4/mmpy-16/libcrt0.a(_copy_data.o)
                0x0000000000004010                __do_copy_data
 .init4         0x0000000000004028       0x16 /usr/local/bin/../lib/gcc/msp430/4.7.4/mmpy-16/libcrt0.a(_clear_bss.o)
                0x0000000000004028                __do_clear_bss
 *(.init5)
 *(.init6)
 *(.init7)
 *(.init8)
 *(.init9)
 .init9         0x000000000000403e      0x1c4 build/sky/obj/contiki-main.o
                0x000000000000403e                main
 *(.fini9)
 .fini9         0x0000000000004202        0x0 /usr/local/bin/../lib/gcc/msp430/4.7.4/mmpy-16/libcrt0.a(__stop_progExec__.o)
                0x0000000000004202                __stop_progExec__
 *(.fini8)
 *(.fini7)
 *(.fini6)
 *(.fini5)
 *(.fini4)
 *(.fini3)
 *(.fini2)
 *(.fini1)
 *(.fini0)
 .fini0         0x0000000000004202        0x6 /usr/local/bin/../lib/gcc/msp430/4.7.4/mmpy-16/libcrt0.a(_endless_loop__.o)
                0x0000000000004202                _endless_loop__
 *(.fini .fini.*)
                0x0000000000004208                . = ALIGN (0x2)
                0x0000000000004208                __ctors_start = .
 *(.ctors)
                0x0000000000004208                __ctors_end = .
                0x0000000000004208                __dtors_start = .
 *(.dtors)
                0x0000000000004208                __dtors_end = .
                0x0000000000004208                . = ALIGN (0x2)
 *(.text .text.* .gnu.linkonce.t.*)
 .text          0x0000000000004208        0x4 /usr/local/bin/../lib/gcc/msp430/4.7.4/mmpy-16/crt0ivtbl16.o
                0x0000000000004208                __isr_14
                0x0000000000004208                __isr_11
                0x0000000000004208                __isr_2
                0x0000000000004208                __isr_7
                0x0000000000004208                __isr_0
                0x0000000000004208                __isr_8
                0x0000000000004208                __isr_3
                0x0000000000004208                __isr_12
                0x0000000000004208                __isr_13
                0x0000000000004208                __isr_9
 .text.process_thread_udp_client_process
                0x000000000000420c      0x18e sender.o
 .text.putchar  0x000000000000439a       0x10 build/sky/contiki-ng-sky.a(uart1-putchar.o)
                0x000000000000439a                putchar
 .text.platform_init_stage_one
                0x00000000000043aa       0x12 build/sky/contiki-ng-sky.a(platform.o)
                0x00000000000043aa                platform_init_stage_one
 .text.platform_init_stage_two
                0x00000000000043bc       0x68 build/sky/contiki-ng-sky.a(platform.o)
                0x00000000000043bc                platform_init_stage_two
 .text.platform_init_stage_three
                0x0000000000004424       0x86 build/sky/contiki-ng-sky.a(platform.o)
                0x0000000000004424                platform_init_stage_three
 .text.platform_idle
                0x00000000000044aa       0x54 build/sky/contiki-ng-sky.a(platform.o)
                0x00000000000044aa                platform_idle
 .text.msp430_init_dco
                0x00000000000044fe       0x82 build/sky/contiki-ng-sky.a(msp430.o)
                0x00000000000044fe                msp430_init_dco
 .text.msp430_add_lpm_req
                0x0000000000004580        0xc build/sky/contiki-ng-sky.a(msp430.o)
                0x0000000000004580                msp430_add_lpm_req
 .text.msp430_cpu_init
                0x000000000000458c       0x2a build/sky/contiki-ng-sky.a(msp430.o)
                0x000000000000458c                msp430_cpu_init
 .text.splhigh_
                0x00000000000045b6        0x8 build/sky/contiki-ng-sky.a(msp430.o)
                0x00000000000045b6                splhigh_
 .text.msp430_sync_dco
                0x00000000000045be       0x6c build/sky/contiki-ng-sky.a(msp430.o)
                0x00000000000045be                msp430_sync_dco
 .text.timera1  0x000000000000462a       0xdc build/sky/contiki-ng-sky.a(clock.o)
                0x000000000000462a                __isr_5
                0x000000000000462a                timera1
 .text.clock_time
                0x0000000000004706       0x1a build/sky/contiki-ng-sky.a(clock.o)
                0x0000000000004706                clock_time
 .text.clock_init
                0x0000000000004720       0x28 build/sky/contiki-ng-sky.a(clock.o)
                0x0000000000004720                clock_init
 .text.clock_delay
                0x0000000000004748        0xc build/sky/contiki-ng-sky.a(clock.o)
                0x0000000000004748                clock_delay
 .text.leds_init
                0x0000000000004754        0x6 build/sky/contiki-ng-sky.a(leds.o)
                0x0000000000004754                leds_init
 .text.leds_on  0x000000000000475a       0x12 build/sky/contiki-ng-sky.a(leds.o)
                0x000000000000475a                leds_on
 .text.leds_off
                0x000000000000476c       0x12 build/sky/contiki-ng-sky.a(leds.o)
                0x000000000000476c                leds_off
 .text.leds_arch_init
                0x000000000000477e        0xe build/sky/contiki-ng-sky.a(leds-arch.o)
                0x000000000000477e                leds_arch_init
 .text.leds_arch_get
                0x000000000000478c       0x34 build/sky/contiki-ng-sky.a(leds-arch.o)
                0x000000000000478c                leds_arch_get
 .text.leds_arch_set
                0x00000000000047c0       0x3e build/sky/contiki-ng-sky.a(leds-arch.o)
                0x00000000000047c0                leds_arch_set
 .text.watchdog_interrupt
                0x00000000000047fe        0x6 build/sky/contiki-ng-sky.a(watchdog.o)
                0x00000000000047fe                __isr_10
                0x00000000000047fe                watchdog_interrupt
 .text.watchdog_start
                0x0000000000004804       0x14 build/sky/contiki-ng-sky.a(watchdog.o)
                0x0000000000004804                watchdog_start
 .text.watchdog_periodic
                0x0000000000004818       0x12 build/sky/contiki-ng-sky.a(watchdog.o)
                0x0000000000004818                watchdog_periodic
 .text.watchdog_stop
                0x000000000000482a       0x16 build/sky/contiki-ng-sky.a(watchdog.o)
                0x000000000000482a                watchdog_stop
 .text.watchdog_init
                0x0000000000004840       0x12 build/sky/contiki-ng-sky.a(watchdog.o)
                0x0000000000004840                watchdog_init
 .text.autostart_start
                0x0000000000004852       0x16 build/sky/contiki-ng-sky.a(autostart.o)
                0x0000000000004852                autostart_start
 .text.process_thread_ctimer_process
                0x0000000000004868       0xa8 build/sky/contiki-ng-sky.a(ctimer.o)
 .text.ctimer_init
                0x0000000000004910       0x18 build/sky/contiki-ng-sky.a(ctimer.o)
                0x0000000000004910                ctimer_init
 .text.ctimer_set_with_process
                0x0000000000004928       0x4e build/sky/contiki-ng-sky.a(ctimer.o)
                0x0000000000004928                ctimer_set_with_process
 .text.ctimer_set
                0x0000000000004976       0x10 build/sky/contiki-ng-sky.a(ctimer.o)
                0x0000000000004976                ctimer_set
 .text.ctimer_reset
                0x0000000000004986       0x30 build/sky/contiki-ng-sky.a(ctimer.o)
                0x0000000000004986                ctimer_reset
 .text.ctimer_stop
                0x00000000000049b6       0x28 build/sky/contiki-ng-sky.a(ctimer.o)
                0x00000000000049b6                ctimer_stop
 .text.energest_init
                0x00000000000049de        0x2 build/sky/contiki-ng-sky.a(energest.o)
                0x00000000000049de                energest_init
 .text.energest_flush
                0x00000000000049e0        0x2 build/sky/contiki-ng-sky.a(energest.o)
                0x00000000000049e0                energest_flush
 .text.update_time
                0x00000000000049e2       0x78 build/sky/contiki-ng-sky.a(etimer.o)
 .text.etimer_request_poll
                0x0000000000004a5a        0xa build/sky/contiki-ng-sky.a(etimer.o)
                0x0000000000004a5a                etimer_request_poll
 .text.process_thread_etimer_process
                0x0000000000004a64       0xcc build/sky/contiki-ng-sky.a(etimer.o)
 .text.add_timer
                0x0000000000004b30       0x40 build/sky/contiki-ng-sky.a(etimer.o)
 .text.etimer_set
                0x0000000000004b70       0x12 build/sky/contiki-ng-sky.a(etimer.o)
                0x0000000000004b70                etimer_set
 .text.etimer_reset
                0x0000000000004b82       0x12 build/sky/contiki-ng-sky.a(etimer.o)
                0x0000000000004b82                etimer_reset
 .text.etimer_expired
                0x0000000000004b94        0xe build/sky/contiki-ng-sky.a(etimer.o)
                0x0000000000004b94                etimer_expired
 .text.etimer_pending
                0x0000000000004ba2        0xc build/sky/contiki-ng-sky.a(etimer.o)
                0x0000000000004ba2                etimer_pending
 .text.etimer_next_expiration_time
                0x0000000000004bae       0x16 build/sky/contiki-ng-sky.a(etimer.o)
                0x0000000000004bae                etimer_next_expiration_time
 .text.etimer_stop
                0x0000000000004bc4       0x3e build/sky/contiki-ng-sky.a(etimer.o)
                0x0000000000004bc4                etimer_stop
 .text.log_lladdr
                0x0000000000004c02       0x44 build/sky/contiki-ng-sky.a(log.o)
                0x0000000000004c02                log_lladdr
 .text.node_id_init
                0x0000000000004c46       0x14 build/sky/contiki-ng-sky.a(node-id.o)
                0x0000000000004c46                node_id_init
 .text.call_process
                0x0000000000004c5a       0x46 build/sky/contiki-ng-sky.a(process.o)
 .text.exit_process
                0x0000000000004ca0       0x96 build/sky/contiki-ng-sky.a(process.o)
 .text.do_poll  0x0000000000004d36       0x30 build/sky/contiki-ng-sky.a(process.o)
 .text.process_alloc_event
                0x0000000000004d66        0xe build/sky/contiki-ng-sky.a(process.o)
                0x0000000000004d66                process_alloc_event
 .text.process_init
                0x0000000000004d74       0x18 build/sky/contiki-ng-sky.a(process.o)
                0x0000000000004d74                process_init
 .text.process_run
                0x0000000000004d8c       0x92 build/sky/contiki-ng-sky.a(process.o)
                0x0000000000004d8c                process_run
 .text.process_nevents
                0x0000000000004e1e        0xe build/sky/contiki-ng-sky.a(process.o)
                0x0000000000004e1e                process_nevents
 .text.process_post
                0x0000000000004e2c       0x42 build/sky/contiki-ng-sky.a(process.o)
                0x0000000000004e2c                process_post
 .text.process_post_synch
                0x0000000000004e6e       0x12 build/sky/contiki-ng-sky.a(process.o)
                0x0000000000004e6e                process_post_synch
 .text.process_start
                0x0000000000004e80       0x36 build/sky/contiki-ng-sky.a(process.o)
                0x0000000000004e80                process_start
 .text.process_poll
                0x0000000000004eb6       0x18 build/sky/contiki-ng-sky.a(process.o)
                0x0000000000004eb6                process_poll
 .text.rtimer_init
                0x0000000000004ece        0x6 build/sky/contiki-ng-sky.a(rtimer.o)
                0x0000000000004ece                rtimer_init
 .text.rtimer_run_next
                0x0000000000004ed4       0x26 build/sky/contiki-ng-sky.a(rtimer.o)
                0x0000000000004ed4                rtimer_run_next
 .text.stack_check_init
                0x0000000000004efa       0x2e build/sky/contiki-ng-sky.a(stack-check.o)
                0x0000000000004efa                stack_check_init
 .text.stack_check_get_usage
                0x0000000000004f28       0x54 build/sky/contiki-ng-sky.a(stack-check.o)
                0x0000000000004f28                stack_check_get_usage
 .text.process_thread_stack_check_process
                0x0000000000004f7c       0xea build/sky/contiki-ng-sky.a(stack-check.o)
 .text.timer_set
                0x0000000000005066       0x1c build/sky/contiki-ng-sky.a(timer.o)
                0x0000000000005066                timer_set
 .text.timer_expired
                0x0000000000005082       0x2a build/sky/contiki-ng-sky.a(timer.o)
                0x0000000000005082                timer_expired
 .text.timer_reset
                0x00000000000050ac       0x1c build/sky/contiki-ng-sky.a(timer.o)
                0x00000000000050ac                timer_reset
 .text.list_init
                0x00000000000050c8        0x6 build/sky/contiki-ng-sky.a(list.o)
                0x00000000000050c8                list_init
 .text.list_head
                0x00000000000050ce        0x4 build/sky/contiki-ng-sky.a(list.o)
                0x00000000000050ce                list_head
 .text.list_tail
                0x00000000000050d2       0x12 build/sky/contiki-ng-sky.a(list.o)
                0x00000000000050d2                list_tail
 .text.list_remove
                0x00000000000050e4       0x34 build/sky/contiki-ng-sky.a(list.o)
                0x00000000000050e4                list_remove
 .text.list_add
                0x0000000000005118       0x2a build/sky/contiki-ng-sky.a(list.o)
                0x0000000000005118                list_add
 .text.list_length
                0x0000000000005142       0x10 build/sky/contiki-ng-sky.a(list.o)
                0x0000000000005142                list_length
 .text.list_item_next
                0x0000000000005152        0xc build/sky/contiki-ng-sky.a(list.o)
                0x0000000000005152                list_item_next
 .text.random_init
                0x000000000000515e        0x6 build/sky/contiki-ng-sky.a(random.o)
                0x000000000000515e                random_init
 .text.random_rand
                0x0000000000005164        0x6 build/sky/contiki-ng-sky.a(random.o)
                0x0000000000005164                random_rand
 .text.process_thread_serial_line_process
                0x000000000000516a       0xa4 build/sky/contiki-ng-sky.a(serial-line.o)
 .text.serial_line_input_byte
                0x000000000000520e       0x42 build/sky/contiki-ng-sky.a(serial-line.o)
                0x000000000000520e                serial_line_input_byte
 .text.serial_line_init
                0x0000000000005250       0x1c build/sky/contiki-ng-sky.a(serial-line.o)
                0x0000000000005250                serial_line_init
 .text.linkaddr_copy
                0x000000000000526c        0x8 build/sky/contiki-ng-sky.a(linkaddr.o)
                0x000000000000526c                linkaddr_copy
 .text.linkaddr_cmp
                0x0000000000005274       0x12 build/sky/contiki-ng-sky.a(linkaddr.o)
                0x0000000000005274                linkaddr_cmp
 .text.linkaddr_set_node_addr
                0x0000000000005286        0xc build/sky/contiki-ng-sky.a(linkaddr.o)
                0x0000000000005286                linkaddr_set_node_addr
 .text.netstack_init
                0x0000000000005292        0xe build/sky/contiki-ng-sky.a(netstack.o)
                0x0000000000005292                netstack_init
 .text.queuebuf_init
                0x00000000000052a0       0x12 build/sky/contiki-ng-sky.a(queuebuf.o)
                0x00000000000052a0                queuebuf_init
 .text.queuebuf_new_from_packetbuf
                0x00000000000052b2       0x52 build/sky/contiki-ng-sky.a(queuebuf.o)
                0x00000000000052b2                queuebuf_new_from_packetbuf
 .text.queuebuf_update_attr_from_packetbuf
                0x0000000000005304       0x12 build/sky/contiki-ng-sky.a(queuebuf.o)
                0x0000000000005304                queuebuf_update_attr_from_packetbuf
 .text.queuebuf_free
                0x0000000000005316       0x2a build/sky/contiki-ng-sky.a(queuebuf.o)
                0x0000000000005316                queuebuf_free
 .text.queuebuf_to_packetbuf
                0x0000000000005340       0x32 build/sky/contiki-ng-sky.a(queuebuf.o)
                0x0000000000005340                queuebuf_to_packetbuf
 .text.on       0x0000000000005372        0x6 build/sky/contiki-ng-sky.a(csma.o)
 .text.off      0x0000000000005378        0x6 build/sky/contiki-ng-sky.a(csma.o)
 .text.max_payload
                0x000000000000537e       0x38 build/sky/contiki-ng-sky.a(csma.o)
 .text.send_packet
                0x00000000000053b6        0x6 build/sky/contiki-ng-sky.a(csma.o)
 .text.init     0x00000000000053bc       0x1c build/sky/contiki-ng-sky.a(csma.o)
 .text.input_packet
                0x00000000000053d8       0x58 build/sky/contiki-ng-sky.a(csma.o)
 .text.init     0x0000000000005430        0x6 build/sky/contiki-ng-sky.a(nullnet.o)
 .text.output   0x0000000000005436       0x42 build/sky/contiki-ng-sky.a(nullnet.o)
 .text.input    0x0000000000005478       0x40 build/sky/contiki-ng-sky.a(nullnet.o)
 .text.init     0x00000000000054b8        0x2 build/sky/contiki-ng-sky.a(nullrouting.o)
 .text.root_set_prefix
                0x00000000000054ba        0x2 build/sky/contiki-ng-sky.a(nullrouting.o)
 .text.root_start
                0x00000000000054bc        0x4 build/sky/contiki-ng-sky.a(nullrouting.o)
 .text.node_is_root
                0x00000000000054c0        0x4 build/sky/contiki-ng-sky.a(nullrouting.o)
 .text.get_root_ipaddr
                0x00000000000054c4        0x4 build/sky/contiki-ng-sky.a(nullrouting.o)
 .text.get_sr_node_ipaddr
                0x00000000000054c8        0x4 build/sky/contiki-ng-sky.a(nullrouting.o)
 .text.leave_network
                0x00000000000054cc        0x2 build/sky/contiki-ng-sky.a(nullrouting.o)
 .text.node_has_joined
                0x00000000000054ce        0x4 build/sky/contiki-ng-sky.a(nullrouting.o)
 .text.node_is_reachable
                0x00000000000054d2        0x4 build/sky/contiki-ng-sky.a(nullrouting.o)
 .text.global_repair
                0x00000000000054d6        0x2 build/sky/contiki-ng-sky.a(nullrouting.o)
 .text.local_repair
                0x00000000000054d8        0x2 build/sky/contiki-ng-sky.a(nullrouting.o)
 .text.ext_header_remove
                0x00000000000054da        0x4 build/sky/contiki-ng-sky.a(nullrouting.o)
 .text.ext_header_update
                0x00000000000054de        0x4 build/sky/contiki-ng-sky.a(nullrouting.o)
 .text.ext_header_hbh_update
                0x00000000000054e2        0x4 build/sky/contiki-ng-sky.a(nullrouting.o)
 .text.ext_header_srh_update
                0x00000000000054e6        0x4 build/sky/contiki-ng-sky.a(nullrouting.o)
 .text.ext_header_srh_get_next_hop
                0x00000000000054ea        0x4 build/sky/contiki-ng-sky.a(nullrouting.o)
 .text.link_callback
                0x00000000000054ee        0x2 build/sky/contiki-ng-sky.a(nullrouting.o)
 .text.neighbor_state_changed
                0x00000000000054f0        0x2 build/sky/contiki-ng-sky.a(nullrouting.o)
 .text.drop_route
                0x00000000000054f2        0x2 build/sky/contiki-ng-sky.a(nullrouting.o)
 .text.is_in_leaf_mode
                0x00000000000054f4        0x4 build/sky/contiki-ng-sky.a(nullrouting.o)
 .text.init_platform
                0x00000000000054f8        0xc build/sky/contiki-ng-sky.a(contiki-sky-pla)
                0x00000000000054f8                init_platform
 .text.status   0x0000000000005504       0x18 build/sky/contiki-ng-sky.a(button-sensor.o)
 .text.value    0x000000000000551c       0x20 build/sky/contiki-ng-sky.a(button-sensor.o)
 .text.configure
                0x000000000000553c       0x4c build/sky/contiki-ng-sky.a(button-sensor.o)
 .text.irq_p2   0x0000000000005588       0x46 build/sky/contiki-ng-sky.a(button-sensor.o)
                0x0000000000005588                irq_p2
                0x0000000000005588                __isr_1
 .text.owreadb  0x00000000000055ce       0x50 build/sky/contiki-ng-sky.a(ds2411.o)
 .text.ds2411_init
                0x000000000000561e      0x120 build/sky/contiki-ng-sky.a(ds2411.o)
                0x000000000000561e                ds2411_init
 .text.xmem_init
                0x000000000000573e       0x3c build/sky/contiki-ng-sky.a(xmem.o)
                0x000000000000573e                xmem_init
 .text.process_thread_sensors_process
                0x000000000000577a       0xc2 build/sky/contiki-ng-sky.a(sensors.o)
 .text.sensors_changed
                0x000000000000583c       0x2a build/sky/contiki-ng-sky.a(sensors.o)
                0x000000000000583c                sensors_changed
 .text.get_object
                0x0000000000005866        0x4 build/sky/contiki-ng-sky.a(cc2420.o)
 .text.set_object
                0x000000000000586a        0x4 build/sky/contiki-ng-sky.a(cc2420.o)
 .text.strobe   0x000000000000586e       0x1c build/sky/contiki-ng-sky.a(cc2420.o)
 .text.getreg   0x000000000000588a       0x4c build/sky/contiki-ng-sky.a(cc2420.o)
 .text.setreg   0x00000000000058d6       0x4c build/sky/contiki-ng-sky.a(cc2420.o)
 .text.write_ram
                0x0000000000005922       0x7c build/sky/contiki-ng-sky.a(cc2420.o)
 .text.write_fifo_buf
                0x000000000000599e       0x3c build/sky/contiki-ng-sky.a(cc2420.o)
 .text.get_status
                0x00000000000059da       0x20 build/sky/contiki-ng-sky.a(cc2420.o)
 .text.on       0x00000000000059fa       0x1a build/sky/contiki-ng-sky.a(cc2420.o)
 .text.cc2420_receiving_packet
                0x0000000000005a14        0xc build/sky/contiki-ng-sky.a(cc2420.o)
 .text.pending_packet
                0x0000000000005a20        0x8 build/sky/contiki-ng-sky.a(cc2420.o)
 .text.wait_for_transmission
                0x0000000000005a28       0x22 build/sky/contiki-ng-sky.a(cc2420.o)
 .text.wait_for_status
                0x0000000000005a4a       0x28 build/sky/contiki-ng-sky.a(cc2420.o)
 .text.getrxdata
                0x0000000000005a72       0x50 build/sky/contiki-ng-sky.a(cc2420.o)
 .text.flushrx  0x0000000000005ac2       0x1a build/sky/contiki-ng-sky.a(cc2420.o)
 .text.off      0x0000000000005adc       0x28 build/sky/contiki-ng-sky.a(cc2420.o)
 .text.RELEASE_LOCK
                0x0000000000005b04       0x28 build/sky/contiki-ng-sky.a(cc2420.o)
 .text.set_key  0x0000000000005b2c       0x18 build/sky/contiki-ng-sky.a(cc2420.o)
 .text.set_frame_filtering
                0x0000000000005b44       0x30 build/sky/contiki-ng-sky.a(cc2420.o)
 .text.set_auto_ack
                0x0000000000005b74       0x30 build/sky/contiki-ng-sky.a(cc2420.o)
 .text.set_poll_mode
                0x0000000000005ba4       0x2c build/sky/contiki-ng-sky.a(cc2420.o)
 .text.cc2420_prepare
                0x0000000000005bd0       0x46 build/sky/contiki-ng-sky.a(cc2420.o)
 .text.cc2420_on
                0x0000000000005c16       0x22 build/sky/contiki-ng-sky.a(cc2420.o)
                0x0000000000005c16                cc2420_on
 .text.cc2420_transmit
                0x0000000000005c38       0x66 build/sky/contiki-ng-sky.a(cc2420.o)
 .text.cc2420_send
                0x0000000000005c9e       0x12 build/sky/contiki-ng-sky.a(cc2420.o)
 .text.cc2420_off
                0x0000000000005cb0       0x30 build/sky/contiki-ng-sky.a(cc2420.o)
                0x0000000000005cb0                cc2420_off
 .text.cc2420_cca
                0x0000000000005ce0       0x68 build/sky/contiki-ng-sky.a(cc2420.o)
 .text.cc2420_read
                0x0000000000005d48       0xbe build/sky/contiki-ng-sky.a(cc2420.o)
 .text.process_thread_cc2420_process
                0x0000000000005e06       0x62 build/sky/contiki-ng-sky.a(cc2420.o)
 .text.encrypt  0x0000000000005e68       0x88 build/sky/contiki-ng-sky.a(cc2420.o)
 .text.cc2420_set_channel
                0x0000000000005ef0       0x3c build/sky/contiki-ng-sky.a(cc2420.o)
                0x0000000000005ef0                cc2420_set_channel
 .text.cc2420_set_pan_addr
                0x0000000000005f2c       0x4c build/sky/contiki-ng-sky.a(cc2420.o)
                0x0000000000005f2c                cc2420_set_pan_addr
 .text.cc2420_interrupt
                0x0000000000005f78       0x16 build/sky/contiki-ng-sky.a(cc2420.o)
                0x0000000000005f78                cc2420_interrupt
 .text.cc2420_set_txpower
                0x0000000000005f8e       0x2c build/sky/contiki-ng-sky.a(cc2420.o)
                0x0000000000005f8e                cc2420_set_txpower
 .text.cc2420_get_txpower
                0x0000000000005fba       0x1e build/sky/contiki-ng-sky.a(cc2420.o)
                0x0000000000005fba                cc2420_get_txpower
 .text.cc2420_rssi
                0x0000000000005fd8       0x4c build/sky/contiki-ng-sky.a(cc2420.o)
                0x0000000000005fd8                cc2420_rssi
 .text.get_value
                0x0000000000006024      0x11e build/sky/contiki-ng-sky.a(cc2420.o)
 .text.cc2420_set_cca_threshold
                0x0000000000006142       0x16 build/sky/contiki-ng-sky.a(cc2420.o)
                0x0000000000006142                cc2420_set_cca_threshold
 .text.set_value
                0x0000000000006158      0x150 build/sky/contiki-ng-sky.a(cc2420.o)
 .text.cc2420_init
                0x00000000000062a8       0xea build/sky/contiki-ng-sky.a(cc2420.o)
                0x00000000000062a8                cc2420_init
 .text.cc2420_port1_interrupt
                0x0000000000006392       0x20 build/sky/contiki-ng-sky.a(cc2420-arch.o)
                0x0000000000006392                __isr_4
                0x0000000000006392                cc2420_port1_interrupt
 .text.cc2420_arch_init
                0x00000000000063b2       0x1a build/sky/contiki-ng-sky.a(cc2420-arch.o)
                0x00000000000063b2                cc2420_arch_init
 .text.handle_rxdma_timer
                0x00000000000063cc       0x3a build/sky/contiki-ng-sky.a(uart1.o)
 .text.uart1_active
                0x0000000000006406       0x18 build/sky/contiki-ng-sky.a(uart1.o)
                0x0000000000006406                uart1_active
 .text.uart1_set_input
                0x000000000000641e       0x20 build/sky/contiki-ng-sky.a(uart1.o)
                0x000000000000641e                uart1_set_input
 .text.uart1_writeb
                0x000000000000643e       0x18 build/sky/contiki-ng-sky.a(uart1.o)
                0x000000000000643e                uart1_writeb
 .text.uart1_init
                0x0000000000006456       0xf4 build/sky/contiki-ng-sky.a(uart1.o)
                0x0000000000006456                uart1_init
 .text.timera0  0x000000000000654a       0x2e build/sky/contiki-ng-sky.a(rtimer-arch.o)
                0x000000000000654a                __isr_6
                0x000000000000654a                timera0
 .text.rtimer_arch_init
                0x0000000000006578        0xe build/sky/contiki-ng-sky.a(rtimer-arch.o)
                0x0000000000006578                rtimer_arch_init
 .text.rtimer_arch_now
                0x0000000000006586        0xe build/sky/contiki-ng-sky.a(rtimer-arch.o)
                0x0000000000006586                rtimer_arch_now
 .text.rtimer_arch_schedule
                0x0000000000006594        0x6 build/sky/contiki-ng-sky.a(rtimer-arch.o)
                0x0000000000006594                rtimer_arch_schedule
 .text.memb_init
                0x000000000000659a       0x36 build/sky/contiki-ng-sky.a(memb.o)
                0x000000000000659a                memb_init
 .text.memb_alloc
                0x00000000000065d0       0x3e build/sky/contiki-ng-sky.a(memb.o)
                0x00000000000065d0                memb_alloc
 .text.memb_free
                0x000000000000660e       0x32 build/sky/contiki-ng-sky.a(memb.o)
                0x000000000000660e                memb_free
 .text.memb_inmemb
                0x0000000000006640       0x2a build/sky/contiki-ng-sky.a(memb.o)
                0x0000000000006640                memb_inmemb
 .text.ringbuf_init
                0x000000000000666a       0x14 build/sky/contiki-ng-sky.a(ringbuf.o)
                0x000000000000666a                ringbuf_init
 .text.ringbuf_put
                0x000000000000667e       0x38 build/sky/contiki-ng-sky.a(ringbuf.o)
                0x000000000000667e                ringbuf_put
 .text.ringbuf_get
                0x00000000000066b6       0x32 build/sky/contiki-ng-sky.a(ringbuf.o)
                0x00000000000066b6                ringbuf_get
 .text.packetbuf_hdrreduce
                0x00000000000066e8       0x1a build/sky/contiki-ng-sky.a(packetbuf.o)
                0x00000000000066e8                packetbuf_hdrreduce
 .text.packetbuf_set_datalen
                0x0000000000006702        0x6 build/sky/contiki-ng-sky.a(packetbuf.o)
                0x0000000000006702                packetbuf_set_datalen
 .text.packetbuf_hdrptr
                0x0000000000006708        0x6 build/sky/contiki-ng-sky.a(packetbuf.o)
                0x0000000000006708                packetbuf_hdrptr
 .text.packetbuf_datalen
                0x000000000000670e        0x6 build/sky/contiki-ng-sky.a(packetbuf.o)
                0x000000000000670e                packetbuf_datalen
 .text.packetbuf_hdrlen
                0x0000000000006714        0xa build/sky/contiki-ng-sky.a(packetbuf.o)
                0x0000000000006714                packetbuf_hdrlen
 .text.packetbuf_dataptr
                0x000000000000671e        0xc build/sky/contiki-ng-sky.a(packetbuf.o)
                0x000000000000671e                packetbuf_dataptr
 .text.packetbuf_copyto
                0x000000000000672a       0x46 build/sky/contiki-ng-sky.a(packetbuf.o)
                0x000000000000672a                packetbuf_copyto
 .text.packetbuf_totlen
                0x0000000000006770        0xc build/sky/contiki-ng-sky.a(packetbuf.o)
                0x0000000000006770                packetbuf_totlen
 .text.packetbuf_hdralloc
                0x000000000000677c       0x3c build/sky/contiki-ng-sky.a(packetbuf.o)
                0x000000000000677c                packetbuf_hdralloc
 .text.packetbuf_attr_clear
                0x00000000000067b8       0x28 build/sky/contiki-ng-sky.a(packetbuf.o)
                0x00000000000067b8                packetbuf_attr_clear
 .text.packetbuf_clear
                0x00000000000067e0       0x12 build/sky/contiki-ng-sky.a(packetbuf.o)
                0x00000000000067e0                packetbuf_clear
 .text.packetbuf_copyfrom
                0x00000000000067f2       0x2e build/sky/contiki-ng-sky.a(packetbuf.o)
                0x00000000000067f2                packetbuf_copyfrom
 .text.packetbuf_attr_copyto
                0x0000000000006820       0x22 build/sky/contiki-ng-sky.a(packetbuf.o)
                0x0000000000006820                packetbuf_attr_copyto
 .text.packetbuf_attr_copyfrom
                0x0000000000006842       0x24 build/sky/contiki-ng-sky.a(packetbuf.o)
                0x0000000000006842                packetbuf_attr_copyfrom
 .text.packetbuf_set_attr
                0x0000000000006866        0xc build/sky/contiki-ng-sky.a(packetbuf.o)
                0x0000000000006866                packetbuf_set_attr
 .text.packetbuf_attr
                0x0000000000006872        0xa build/sky/contiki-ng-sky.a(packetbuf.o)
                0x0000000000006872                packetbuf_attr
 .text.packetbuf_set_addr
                0x000000000000687c       0x18 build/sky/contiki-ng-sky.a(packetbuf.o)
                0x000000000000687c                packetbuf_set_addr
 .text.packetbuf_addr
                0x0000000000006894       0x12 build/sky/contiki-ng-sky.a(packetbuf.o)
                0x0000000000006894                packetbuf_addr
 .text.packetbuf_holds_broadcast
                0x00000000000068a6        0xe build/sky/contiki-ng-sky.a(packetbuf.o)
                0x00000000000068a6                packetbuf_holds_broadcast
 .text.mac_sequence_is_duplicate
                0x00000000000068b4       0x84 build/sky/contiki-ng-sky.a(mac-sequence.o)
                0x00000000000068b4                mac_sequence_is_duplicate
 .text.mac_sequence_register_seqno
                0x0000000000006938       0x90 build/sky/contiki-ng-sky.a(mac-sequence.o)
                0x0000000000006938                mac_sequence_register_seqno
 .text.parse    0x00000000000069c8       0xa0 build/sky/contiki-ng-sky.a(framer-802154.o)
 .text.framer_802154_setup_params
                0x0000000000006a68       0xb8 build/sky/contiki-ng-sky.a(framer-802154.o)
                0x0000000000006a68                framer_802154_setup_params
 .text.create_frame
                0x0000000000006b20       0xde build/sky/contiki-ng-sky.a(framer-802154.o)
 .text.create   0x0000000000006bfe        0x8 build/sky/contiki-ng-sky.a(framer-802154.o)
 .text.hdr_length
                0x0000000000006c06        0x8 build/sky/contiki-ng-sky.a(framer-802154.o)
 .text.schedule_transmission
                0x0000000000006c0e       0x70 build/sky/contiki-ng-sky.a(csma-output.o)
 .text.tx_done  0x0000000000006c7e       0x9a build/sky/contiki-ng-sky.a(csma-output.o)
 .text.transmit_from_queue
                0x0000000000006d18      0x1bc build/sky/contiki-ng-sky.a(csma-output.o)
 .text.csma_output_packet
                0x0000000000006ed4      0x186 build/sky/contiki-ng-sky.a(csma-output.o)
                0x0000000000006ed4                csma_output_packet
 .text.csma_output_init
                0x000000000000705a       0x1a build/sky/contiki-ng-sky.a(csma-output.o)
                0x000000000000705a                csma_output_init
 .text.csma_security_create_frame
                0x0000000000007074       0x10 build/sky/contiki-ng-sky.a(csma-security.o)
                0x0000000000007074                csma_security_create_frame
 .text.csma_security_parse_frame
                0x0000000000007084        0x6 build/sky/contiki-ng-sky.a(csma-security.o)
                0x0000000000007084                csma_security_parse_frame
 .text.spi_init
                0x000000000000708a       0x30 build/sky/contiki-ng-sky.a(spi-legacy.o)
                0x000000000000708a                spi_init
 .text.mac_call_sent_callback
                0x00000000000070ba       0x14 build/sky/contiki-ng-sky.a(mac.o)
                0x00000000000070ba                mac_call_sent_callback
 .text.frame802154_get_pan_id
                0x00000000000070ce        0x6 build/sky/contiki-ng-sky.a(frame802154.o)
                0x00000000000070ce                frame802154_get_pan_id
 .text.frame802154_has_panid
                0x00000000000070d4       0xe8 build/sky/contiki-ng-sky.a(frame802154.o)
                0x00000000000070d4                frame802154_has_panid
 .text.field_len
                0x00000000000071bc       0xac build/sky/contiki-ng-sky.a(frame802154.o)
 .text.frame802154_is_broadcast_addr
                0x0000000000007268       0x28 build/sky/contiki-ng-sky.a(frame802154.o)
                0x0000000000007268                frame802154_is_broadcast_addr
 .text.frame802154_hdrlen
                0x0000000000007290       0x32 build/sky/contiki-ng-sky.a(frame802154.o)
                0x0000000000007290                frame802154_hdrlen
 .text.frame802154_create_fcf
                0x00000000000072c2       0x96 build/sky/contiki-ng-sky.a(frame802154.o)
                0x00000000000072c2                frame802154_create_fcf
 .text.frame802154_create
                0x0000000000007358       0xe4 build/sky/contiki-ng-sky.a(frame802154.o)
                0x0000000000007358                frame802154_create
 .text.frame802154_parse_fcf
                0x000000000000743c       0xbc build/sky/contiki-ng-sky.a(frame802154.o)
                0x000000000000743c                frame802154_parse_fcf
 .text.frame802154_parse
                0x00000000000074f8      0x168 build/sky/contiki-ng-sky.a(frame802154.o)
                0x00000000000074f8                frame802154_parse
 .text.libgcc   0x0000000000007660       0x3a /usr/local/bin/../lib/gcc/msp430/4.7.4/mmpy-16/libgcc.a(_divmod16.o)
                0x0000000000007660                __ext_divmod16
                0x0000000000007660                __divhi3
                0x0000000000007692                __modhi3
 .text.libgcc   0x000000000000769a       0x40 /usr/local/bin/../lib/gcc/msp430/4.7.4/mmpy-16/libgcc.a(_udivmod32.o)
                0x000000000000769a                __udivsi3
                0x000000000000769a                __ext_udivmod32
                0x00000000000076d0                __umodsi3
 .text.libgcc   0x00000000000076da       0x22 /usr/local/bin/../lib/gcc/msp430/4.7.4/mmpy-16/libgcc.a(_udivmod16.o)
                0x00000000000076da                __udivhi3
                0x00000000000076da                __ext_udivmod16
                0x00000000000076f4                __umodhi3
 .text.printf   0x00000000000076fc       0x10 /usr/local/bin/../lib/gcc/msp430/4.7.4/../../../../msp430/lib/mmpy-16/libc.a(printf.o)
                0x00000000000076fc                printf
 .text.print_field
                0x000000000000770c      0x194 /usr/local/bin/../lib/gcc/msp430/4.7.4/../../../../msp430/lib/mmpy-16/libc.a(vuprintf.o)
 .text.vuprintf
                0x00000000000078a0      0x63e /usr/local/bin/../lib/gcc/msp430/4.7.4/../../../../msp430/lib/mmpy-16/libc.a(vuprintf.o)
                0x00000000000078a0                vuprintf
 .text.puts     0x0000000000007ede       0x2c /usr/local/bin/../lib/gcc/msp430/4.7.4/../../../../msp430/lib/mmpy-16/libc.a(puts.o)
                0x0000000000007ede                puts
 .text.rand     0x0000000000007f0a       0x26 /usr/local/bin/../lib/gcc/msp430/4.7.4/../../../../msp430/lib/mmpy-16/libc.a(rand.o)
                0x0000000000007f0a                rand
 .text.srand    0x0000000000007f30        0xa /usr/local/bin/../lib/gcc/msp430/4.7.4/../../../../msp430/lib/mmpy-16/libc.a(rand.o)
                0x0000000000007f30                srand
 .text.memcmp   0x0000000000007f3a       0x30 /usr/local/bin/../lib/gcc/msp430/4.7.4/../../../../msp430/lib/mmpy-16/libc.a(memcmp.o)
                0x0000000000007f3a                memcmp
 .text.memcpy   0x0000000000007f6a       0xfa /usr/local/bin/../lib/gcc/msp430/4.7.4/../../../../msp430/lib/mmpy-16/libc.a(memcpy.o)
                0x0000000000007f6a                memcpy
 .text.memset   0x0000000000008064       0x6a /usr/local/bin/../lib/gcc/msp430/4.7.4/../../../../msp430/lib/mmpy-16/libc.a(memset.o)
                0x0000000000008064                memset
 .text.libgcc   0x00000000000080ce       0x2c /usr/local/bin/../lib/gcc/msp430/4.7.4/mmpy-16/libgcc.a(_mulsi3.o)
                0x00000000000080ce                __mulsi3
 .text.libgcc   0x00000000000080fa       0xf0 /usr/local/bin/../lib/gcc/msp430/4.7.4/mmpy-16/libgcc.a(_udivmod64.o)
                0x00000000000080fa                __xabi_udivmod64
                0x0000000000008158                __udivdi3
                0x000000000000817e                __umoddi3
                0x00000000000081ac                __udivmoddi4
 .text.crt0     0x00000000000081ea        0x2 /usr/local/bin/../lib/gcc/msp430/4.7.4/mmpy-16/libcrt0.a(_unexpected_.o)
                0x00000000000081ea                _unexpected_
 *(.near.text .near.text.*)

.rodata         0x00000000000081ec      0x959
                0x00000000000081ec                . = ALIGN (0x2)
 *(.rodata .rodata.* .gnu.linkonce.r.*)
 .rodata        0x00000000000081ec      0x61e sender.o
                0x000000000000820a                autostart_processes
 .rodata        0x000000000000880a       0xd0 build/sky/obj/contiki-main.o
 .rodata        0x00000000000088da       0x31 build/sky/contiki-ng-sky.a(platform.o)
 .rodata        0x000000000000890b        0xf build/sky/contiki-ng-sky.a(ctimer.o)
 .rodata        0x000000000000891a        0xc build/sky/contiki-ng-sky.a(etimer.o)
 .rodata        0x0000000000008926       0x9a build/sky/contiki-ng-sky.a(log.o)
 .rodata        0x00000000000089c0       0x6a build/sky/contiki-ng-sky.a(stack-check.o)
 .rodata        0x0000000000008a2a        0xe build/sky/contiki-ng-sky.a(serial-line.o)
 .rodata        0x0000000000008a38        0x8 build/sky/contiki-ng-sky.a(linkaddr.o)
                0x0000000000008a38                linkaddr_null
 .rodata        0x0000000000008a40       0x14 build/sky/contiki-ng-sky.a(csma.o)
                0x0000000000008a46                csma_driver
 .rodata        0x0000000000008a54       0x10 build/sky/contiki-ng-sky.a(nullnet.o)
                0x0000000000008a5c                nullnet_driver
 .rodata        0x0000000000008a64       0x36 build/sky/contiki-ng-sky.a(nullrouting.o)
                0x0000000000008a70                nullrouting_driver
 .rodata        0x0000000000008a9a       0x10 build/sky/contiki-ng-sky.a(button-sensor.o)
                0x0000000000008aa2                button_sensor
 .rodata        0x0000000000008aaa        0x8 build/sky/contiki-ng-sky.a(sensors.o)
 *fill*         0x0000000000008ab2        0x2 00
 .rodata.get_value
                0x0000000000008ab4       0x34 build/sky/contiki-ng-sky.a(cc2420.o)
 .rodata.set_value
                0x0000000000008ae8       0x10 build/sky/contiki-ng-sky.a(cc2420.o)
 .rodata        0x0000000000008af8       0x3e build/sky/contiki-ng-sky.a(cc2420.o)
                0x0000000000008af8                cc2420_aes_128_driver
                0x0000000000008afc                cc2420_driver
 .rodata        0x0000000000008b36        0x6 build/sky/contiki-ng-sky.a(framer-802154.o)
                0x0000000000008b36                framer_802154
 .rodata        0x0000000000008b3c        0x2 build/sky/contiki-ng-sky.a(frame802154.o)
 .rodata.vuprintf
                0x0000000000008b3e        0x7 /usr/local/bin/../lib/gcc/msp430/4.7.4/../../../../msp430/lib/mmpy-16/libc.a(vuprintf.o)
 *(.near.rodata .near.rodata.*)
                0x0000000000008b46                . = ALIGN (0x2)
                0x0000000000008b46                _etext = .

.data           0x0000000000001100       0xd2 load address 0x0000000000008b46
                0x0000000000001100                . = ALIGN (0x2)
                0x0000000000001100                __data_start = .
 *(.data .data.* .gnu.linkonce.d.*)
 .data          0x0000000000001100       0x10 sender.o
                0x0000000000001100                udp_client_process
                0x000000000000110a                Payload
                0x000000000000110c                Payload2
                0x000000000000110e                BigPayload
 .data          0x0000000000001110        0x2 build/sky/contiki-ng-sky.a(msp430.o)
 .data          0x0000000000001112        0xa build/sky/contiki-ng-sky.a(ctimer.o)
                0x0000000000001112                ctimer_process
 .data          0x000000000000111c        0xa build/sky/contiki-ng-sky.a(etimer.o)
                0x000000000000111c                etimer_process
 .data          0x0000000000001126       0x50 build/sky/contiki-ng-sky.a(log.o)
                0x0000000000001126                all_modules
                0x0000000000001174                curr_log_level_main
 .data          0x0000000000001176        0xa build/sky/contiki-ng-sky.a(stack-check.o)
                0x0000000000001176                stack_check_process
 .data          0x0000000000001180        0xa build/sky/contiki-ng-sky.a(serial-line.o)
                0x0000000000001180                serial_line_process
 .data          0x000000000000118a       0x10 build/sky/contiki-ng-sky.a(queuebuf.o)
 .data          0x000000000000119a        0x4 build/sky/contiki-ng-sky.a(contiki-sky-pla)
                0x000000000000119a                sensors
 .data          0x000000000000119e        0xa build/sky/contiki-ng-sky.a(sensors.o)
                0x000000000000119e                sensors_process
 .data          0x00000000000011a8        0xc build/sky/contiki-ng-sky.a(cc2420.o)
                0x00000000000011a8                cc2420_process
 .data          0x00000000000011b4       0x18 build/sky/contiki-ng-sky.a(csma-output.o)
 .data          0x00000000000011cc        0x2 build/sky/contiki-ng-sky.a(frame802154.o)
 .data.next     0x00000000000011ce        0x4 /usr/local/bin/../lib/gcc/msp430/4.7.4/../../../../msp430/lib/mmpy-16/libc.a(rand.o)
 *(.near.data .near.data.*)
                0x00000000000011d2                . = ALIGN (0x2)
                0x00000000000011d2                _edata = .
                0x0000000000008b46                __data_load_start = LOADADDR (.data)
                0x00000000000000d2                __data_size = SIZEOF (.data)

.bss            0x00000000000011d2      0xaea load address 0x0000000000008c18
                0x00000000000011d2                __bss_start = .
 *(.bss .bss.*)
 .bss           0x00000000000011d2       0x20 sender.o
 .bss           0x00000000000011f2        0x8 build/sky/contiki-ng-sky.a(platform.o)
 .bss           0x00000000000011fa        0xa build/sky/contiki-ng-sky.a(clock.o)
 .bss           0x0000000000001204        0x2 build/sky/contiki-ng-sky.a(watchdog.o)
 .bss           0x0000000000001206        0x4 build/sky/contiki-ng-sky.a(ctimer.o)
 .bss           0x000000000000120a        0x6 build/sky/contiki-ng-sky.a(etimer.o)
 .bss           0x0000000000001210       0x16 build/sky/contiki-ng-sky.a(log.o)
                0x0000000000001210                curr_log_level_lwm2m
                0x0000000000001212                curr_log_level_snmp
                0x0000000000001214                curr_log_level_coap
                0x0000000000001216                curr_log_level_6top
                0x0000000000001218                curr_log_level_framer
                0x000000000000121a                curr_log_level_mac
                0x000000000000121c                curr_log_level_nullnet
                0x000000000000121e                curr_log_level_6lowpan
                0x0000000000001220                curr_log_level_ipv6
                0x0000000000001222                curr_log_level_tcpip
                0x0000000000001224                curr_log_level_rpl
 .bss           0x0000000000001226        0x2 build/sky/contiki-ng-sky.a(node-id.o)
                0x0000000000001226                node_id
 .bss           0x0000000000001228       0xc8 build/sky/contiki-ng-sky.a(process.o)
                0x0000000000001228                process_current
                0x000000000000122a                process_list
 .bss           0x00000000000012f0        0x2 build/sky/contiki-ng-sky.a(rtimer.o)
 .bss           0x00000000000012f2        0xe build/sky/contiki-ng-sky.a(stack-check.o)
 .bss           0x0000000000001300      0x10a build/sky/contiki-ng-sky.a(serial-line.o)
 .bss           0x000000000000140a      0x580 build/sky/contiki-ng-sky.a(queuebuf.o)
 .bss           0x000000000000198a        0x2 build/sky/contiki-ng-sky.a(nullnet.o)
 .bss           0x000000000000198c        0x8 build/sky/contiki-ng-sky.a(button-sensor.o)
 .bss           0x0000000000001994        0x6 build/sky/contiki-ng-sky.a(sensors.o)
 .bss           0x000000000000199a       0x10 build/sky/contiki-ng-sky.a(cc2420.o)
 .bss           0x00000000000019aa       0x9a build/sky/contiki-ng-sky.a(uart1.o)
 .bss           0x0000000000001a44       0x86 build/sky/contiki-ng-sky.a(packetbuf.o)
 .bss           0x0000000000001aca       0xe0 build/sky/contiki-ng-sky.a(mac-sequence.o)
 .bss           0x0000000000001baa        0x2 build/sky/contiki-ng-sky.a(framer-802154.o)
 .bss           0x0000000000001bac       0xbe build/sky/contiki-ng-sky.a(csma-output.o)
 *(.near.bss .near.bss.*)
 *(COMMON)
 COMMON         0x0000000000001c6a        0x2 build/sky/contiki-ng-sky.a(msp430.o)
                0x0000000000001c6a                msp430_dco_required
 COMMON         0x0000000000001c6c        0x1 build/sky/contiki-ng-sky.a(serial-line.o)
                0x0000000000001c6c                serial_line_event_message
 *fill*         0x0000000000001c6d        0x1 00
 COMMON         0x0000000000001c6e        0x8 build/sky/contiki-ng-sky.a(linkaddr.o)
                0x0000000000001c6e                linkaddr_node_addr
 COMMON         0x0000000000001c76        0x4 build/sky/contiki-ng-sky.a(nullnet.o)
                0x0000000000001c76                nullnet_buf
                0x0000000000001c78                nullnet_len
 COMMON         0x0000000000001c7a        0x2 build/sky/contiki-ng-sky.a(contiki-sky-pla)
                0x0000000000001c7a                sensors_flags
 COMMON         0x0000000000001c7c        0x8 build/sky/contiki-ng-sky.a(ds2411.o)
                0x0000000000001c7c                ds2411_id
 COMMON         0x0000000000001c84        0x1 build/sky/contiki-ng-sky.a(sensors.o)
                0x0000000000001c84                sensors_event
 *fill*         0x0000000000001c85        0x1 00
 COMMON         0x0000000000001c86        0xc build/sky/contiki-ng-sky.a(cc2420.o)
                0x0000000000001c86                cc2420_last_rssi
                0x0000000000001c88                cc2420_sfd_start_time
                0x0000000000001c8a                cc2420_last_correlation
                0x0000000000001c8c                cc2420_authority_level_of_sender
                0x0000000000001c8e                cc2420_sfd_counter
                0x0000000000001c90                cc2420_sfd_end_time
 COMMON         0x0000000000001c92       0x2a build/sky/contiki-ng-sky.a(packetbuf.o)
                0x0000000000001c92                packetbuf_addrs
                0x0000000000001ca2                packetbuf_attrs
                0x0000000000001cbc                . = ALIGN (0x2)
                0x0000000000001cbc                __bss_end = .
                0x0000000000000aea                __bss_size = SIZEOF (.bss)

.noinit         0x0000000000001cbc        0x2 load address 0x0000000000008c18
                0x0000000000001cbc                . = ALIGN (0x2)
                0x0000000000001cbc                __noinit_start = .
 *(.noinit .noinit.*)
 .noinit.crt0   0x0000000000001cbc        0x2 /usr/local/bin/../lib/gcc/msp430/4.7.4/mmpy-16/libcrt0.a(__watchdog_support.o)
                0x0000000000001cbc                __wdt_clear_value
                0x0000000000001cbe                . = ALIGN (0x2)
                0x0000000000001cbe                __noinit_end = .
                0x0000000000001cbe                . = ALIGN (0x2)
                0x0000000000001cbe                _end = .

.infomem        0x0000000000001000        0x0
                0x0000000000001000                . = ALIGN (0x2)
 *(.infomem .infomem.*)

.infomemnobits  0x0000000000001000        0x0
                0x0000000000001000                . = ALIGN (0x2)
 *(.infomemnobits .infomemnobits.*)

.infoa          0x0000000000001080        0x0
                0x0000000000001080                . = ALIGN (0x2)
 *(.infoa .infoa.*)

.infob          0x0000000000001000        0x0
                0x0000000000001000                . = ALIGN (0x2)
 *(.infob .infob.*)

.infoc          0x0000000000000000        0x0
                0x0000000000000000                . = ALIGN (0x2)
 *(.infoc .infoc.*)

.infod          0x0000000000000000        0x0
                0x0000000000000000                . = ALIGN (0x2)
 *(.infod .infod.*)
                0x000000000000ffff                PROVIDE (__vte_0, 0xffff)
                0x000000000000ffff                PROVIDE (__vte_1, 0xffff)
                0x000000000000ffff                PROVIDE (__vte_2, 0xffff)
                0x000000000000ffff                PROVIDE (__vte_3, 0xffff)
                0x000000000000ffff                PROVIDE (__vte_4, 0xffff)
                0x000000000000ffff                PROVIDE (__vte_5, 0xffff)
                0x000000000000ffff                PROVIDE (__vte_6, 0xffff)
                0x000000000000ffff                PROVIDE (__vte_7, 0xffff)
                0x000000000000ffff                PROVIDE (__vte_8, 0xffff)
                0x000000000000ffff                PROVIDE (__vte_9, 0xffff)
                0x000000000000ffff                PROVIDE (__vte_10, 0xffff)
                0x000000000000ffff                PROVIDE (__vte_11, 0xffff)
                0x000000000000ffff                PROVIDE (__vte_12, 0xffff)
                0x000000000000ffff                PROVIDE (__vte_13, 0xffff)
                0x000000000000ffff                PROVIDE (__vte_14, 0xffff)
                0x000000000000ffff                PROVIDE (__vte_15, 0xffff)
                0x000000000000ffff                PROVIDE (__vte_16, 0xffff)
                0x000000000000ffff                PROVIDE (__vte_17, 0xffff)
                0x000000000000ffff                PROVIDE (__vte_18, 0xffff)
                0x000000000000ffff                PROVIDE (__vte_19, 0xffff)
                0x000000000000ffff                PROVIDE (__vte_20, 0xffff)
                0x000000000000ffff                PROVIDE (__vte_21, 0xffff)
                0x000000000000ffff                PROVIDE (__vte_22, 0xffff)
                0x000000000000ffff                PROVIDE (__vte_23, 0xffff)
                0x000000000000ffff                PROVIDE (__vte_24, 0xffff)
                0x000000000000ffff                PROVIDE (__vte_25, 0xffff)
                0x000000000000ffff                PROVIDE (__vte_26, 0xffff)
                0x000000000000ffff                PROVIDE (__vte_27, 0xffff)
                0x000000000000ffff                PROVIDE (__vte_28, 0xffff)
                0x000000000000ffff                PROVIDE (__vte_29, 0xffff)
                0x000000000000ffff                PROVIDE (__vte_30, 0xffff)
                0x000000000000ffff                PROVIDE (__vte_31, 0xffff)

.vectors        0x000000000000ffe0       0x20
                0x000000000000ffe0                __vectors_start = .
 *(.vectors*)
 .vectors       0x000000000000ffe0       0x20 /usr/local/bin/../lib/gcc/msp430/4.7.4/mmpy-16/crt0ivtbl16.o
                0x000000000000ffe0                __ivtbl_16
                0x0000000000010000                _vectors_end = .

.fartext        0x0000000000000000        0x0
                0x0000000000000000                . = ALIGN (0x2)
 *(.fartext .fartext.*)

.far.text       0x0000000000000000        0x0
                0x0000000000000000                . = ALIGN (0x2)
 *(.far.text .far.text.*)

.far.rodata     0x0000000000000000        0x0
                0x0000000000000000                . = ALIGN (0x2)
 *(.far.rodata .far.rodata.*)
                0x0000000000000000                . = ALIGN (0x2)
                0x0000000000000000                _efartext = .

.far.data       0x0000000000000000        0x0
                0x0000000000000000                . = ALIGN (0x2)
                0x0000000000000000                __far_data_start = .
 *(.far.data .far.data.*)
                0x0000000000000000                . = ALIGN (0x2)
                0x0000000000000000                _efardata = .
                0x0000000000000000                __far_data_load_start = LOADADDR (.far.data)
                0x0000000000000000                __far_data_size = SIZEOF (.far.data)

.far.bss        0x0000000000000000        0x0
                0x0000000000000000                . = ALIGN (0x2)
                0x0000000000000000                __far_bss_start = .
 *(.far.bss .far.bss.*)
                0x0000000000000000                . = ALIGN (0x2)
                0x0000000000000000                __far_bss_end = .
                0x0000000000000000                __far_bss_size = SIZEOF (.far.bss)
                0x0000000000000000                . = ALIGN (0x2)
                0x0000000000000000                _far_end = .

.profiler
 *(.profiler)

.stab           0x0000000000000000    0x15a38
 *(.stab)
 .stab          0x0000000000000000     0x1134 sender.o
 .stab          0x0000000000001134      0xdc8 build/sky/obj/contiki-main.o
                                       0x19b0 (size before relaxing)
 .stab          0x0000000000001efc      0x228 build/sky/contiki-ng-sky.a(uart1-putchar.o)
                                        0x6fc (size before relaxing)
 .stab          0x0000000000002124      0xe40 build/sky/contiki-ng-sky.a(platform.o)
                                       0x138c (size before relaxing)
 .stab          0x0000000000002f64      0x714 build/sky/contiki-ng-sky.a(msp430.o)
                                        0xa38 (size before relaxing)
 .stab          0x0000000000003678      0x900 build/sky/contiki-ng-sky.a(clock.o)
                                        0xc48 (size before relaxing)
 .stab          0x0000000000003f78      0x468 build/sky/contiki-ng-sky.a(leds.o)
                                        0x828 (size before relaxing)
 .stab          0x00000000000043e0      0x384 build/sky/contiki-ng-sky.a(leds-arch.o)
                                        0x744 (size before relaxing)
 .stab          0x0000000000004764      0x3b4 build/sky/contiki-ng-sky.a(watchdog.o)
                                        0x6d8 (size before relaxing)
 .stab          0x0000000000004b18      0x2ac build/sky/contiki-ng-sky.a(autostart.o)
                                        0x5d0 (size before relaxing)
 .stab          0x0000000000004dc4      0x804 build/sky/contiki-ng-sky.a(ctimer.o)
                                        0xb40 (size before relaxing)
 .stab          0x00000000000055c8      0x270 build/sky/contiki-ng-sky.a(energest.o)
                                        0x5b8 (size before relaxing)
 .stab          0x0000000000005838      0xa98 build/sky/contiki-ng-sky.a(etimer.o)
                                        0xdbc (size before relaxing)
 .stab          0x00000000000062d0      0x6f0 build/sky/contiki-ng-sky.a(log.o)
                                        0xe88 (size before relaxing)
 .stab          0x00000000000069c0      0x264 build/sky/contiki-ng-sky.a(node-id.o)
                                        0x9c0 (size before relaxing)
 .stab          0x0000000000006c24      0xb88 build/sky/contiki-ng-sky.a(process.o)
                                       0x1098 (size before relaxing)
 .stab          0x00000000000077ac      0x348 build/sky/contiki-ng-sky.a(rtimer.o)
                                        0x66c (size before relaxing)
 .stab          0x0000000000007af4      0x5d0 build/sky/contiki-ng-sky.a(stack-check.o)
                                        0xb04 (size before relaxing)
 .stab          0x00000000000080c4      0x3b4 build/sky/contiki-ng-sky.a(timer.o)
                                        0x6d8 (size before relaxing)
 .stab          0x0000000000008478      0x954 build/sky/contiki-ng-sky.a(list.o)
                                        0xe40 (size before relaxing)
 .stab          0x0000000000008dcc      0x1d4 build/sky/contiki-ng-sky.a(random.o)
                                        0x51c (size before relaxing)
 .stab          0x0000000000008fa0      0x510 build/sky/contiki-ng-sky.a(serial-line.o)
                                        0x9e4 (size before relaxing)
 .stab          0x00000000000094b0      0x30c build/sky/contiki-ng-sky.a(linkaddr.o)
                                        0x7f8 (size before relaxing)
 .stab          0x00000000000097bc      0x4a4 build/sky/contiki-ng-sky.a(netstack.o)
                                        0x8b8 (size before relaxing)
 .stab          0x0000000000009c60      0x96c build/sky/contiki-ng-sky.a(queuebuf.o)
                                       0x1770 (size before relaxing)
 .stab          0x000000000000a5cc      0x924 build/sky/contiki-ng-sky.a(csma.o)
                                        0xee8 (size before relaxing)
 .stab          0x000000000000aef0      0x774 build/sky/contiki-ng-sky.a(nullnet.o)
                                        0xda4 (size before relaxing)
 .stab          0x000000000000b664      0x888 build/sky/contiki-ng-sky.a(nullrouting.o)
                                       0x1350 (size before relaxing)
 .stab          0x000000000000beec      0x240 build/sky/contiki-ng-sky.a(contiki-sky-pla)
                                        0x564 (size before relaxing)
 .stab          0x000000000000c12c      0x42c build/sky/contiki-ng-sky.a(button-sensor.o)
                                        0x768 (size before relaxing)
 .stab          0x000000000000c558      0x600 build/sky/contiki-ng-sky.a(ds2411.o)
                                        0xaec (size before relaxing)
 .stab          0x000000000000cb58      0x990 build/sky/contiki-ng-sky.a(xmem.o)
                                        0xe88 (size before relaxing)
 .stab          0x000000000000d4e8      0x684 build/sky/contiki-ng-sky.a(sensors.o)
                                        0xb70 (size before relaxing)
 .stab          0x000000000000db6c     0x279c build/sky/contiki-ng-sky.a(cc2420.o)
                                       0x2fa0 (size before relaxing)
 .stab          0x0000000000010308      0x438 build/sky/contiki-ng-sky.a(cc2420-arch.o)
                                       0x11f4 (size before relaxing)
 .stab          0x0000000000010740      0x5d0 build/sky/contiki-ng-sky.a(uart1.o)
                                        0x90c (size before relaxing)
 .stab          0x0000000000010d10      0x378 build/sky/contiki-ng-sky.a(rtimer-arch.o)
                                        0x69c (size before relaxing)
 .stab          0x0000000000011088      0x5c4 build/sky/contiki-ng-sky.a(memb.o)
                                        0xab0 (size before relaxing)
 .stab          0x000000000001164c      0x450 build/sky/contiki-ng-sky.a(ringbuf.o)
                                        0x78c (size before relaxing)
 .stab          0x0000000000011a9c      0xc48 build/sky/contiki-ng-sky.a(packetbuf.o)
                                       0x1a58 (size before relaxing)
 .stab          0x00000000000126e4      0x57c build/sky/contiki-ng-sky.a(mac-sequence.o)
                                       0x138c (size before relaxing)
 .stab          0x0000000000012c60      0x7a4 build/sky/contiki-ng-sky.a(framer-802154.o)
                                        0xff0 (size before relaxing)
 .stab          0x0000000000013404      0xc18 build/sky/contiki-ng-sky.a(csma-output.o)
                                       0x1590 (size before relaxing)
 .stab          0x000000000001401c      0x39c build/sky/contiki-ng-sky.a(csma-security.o)
                                        0xce4 (size before relaxing)
 .stab          0x00000000000143b8      0x258 build/sky/contiki-ng-sky.a(spi-legacy.o)
                                        0x57c (size before relaxing)
 .stab          0x0000000000014610      0x294 build/sky/contiki-ng-sky.a(mac.o)
                                        0x864 (size before relaxing)
 .stab          0x00000000000148a4     0x1194 build/sky/contiki-ng-sky.a(frame802154.o)
                                       0x1938 (size before relaxing)

.stabstr        0x0000000000000000    0x13156
 *(.stabstr)
 .stabstr       0x0000000000000000    0x13156 sender.o

.stab.excl
 *(.stab.excl)

.stab.exclstr
 *(.stab.exclstr)

.stab.index
 *(.stab.index)

.stab.indexstr
 *(.stab.indexstr)

.comment        0x0000000000000000       0x30
 *(.comment)
 .comment       0x0000000000000000       0x30 sender.o
                                         0x31 (size before relaxing)
 .comment       0x0000000000000000       0x31 build/sky/obj/contiki-main.o
 .comment       0x0000000000000000       0x31 build/sky/contiki-ng-sky.a(uart1-putchar.o)
 .comment       0x0000000000000000       0x31 build/sky/contiki-ng-sky.a(platform.o)
 .comment       0x0000000000000000       0x31 build/sky/contiki-ng-sky.a(msp430.o)
 .comment       0x0000000000000000       0x31 build/sky/contiki-ng-sky.a(clock.o)
 .comment       0x0000000000000000       0x31 build/sky/contiki-ng-sky.a(leds.o)
 .comment       0x0000000000000000       0x31 build/sky/contiki-ng-sky.a(leds-arch.o)
 .comment       0x0000000000000000       0x31 build/sky/contiki-ng-sky.a(watchdog.o)
 .comment       0x0000000000000000       0x31 build/sky/contiki-ng-sky.a(autostart.o)
 .comment       0x0000000000000000       0x31 build/sky/contiki-ng-sky.a(ctimer.o)
 .comment       0x0000000000000000       0x31 build/sky/contiki-ng-sky.a(energest.o)
 .comment       0x0000000000000000       0x31 build/sky/contiki-ng-sky.a(etimer.o)
 .comment       0x0000000000000000       0x31 build/sky/contiki-ng-sky.a(log.o)
 .comment       0x0000000000000000       0x31 build/sky/contiki-ng-sky.a(node-id.o)
 .comment       0x0000000000000000       0x31 build/sky/contiki-ng-sky.a(process.o)
 .comment       0x0000000000000000       0x31 build/sky/contiki-ng-sky.a(rtimer.o)
 .comment       0x0000000000000000       0x31 build/sky/contiki-ng-sky.a(stack-check.o)
 .comment       0x0000000000000000       0x31 build/sky/contiki-ng-sky.a(timer.o)
 .comment       0x0000000000000000       0x31 build/sky/contiki-ng-sky.a(list.o)
 .comment       0x0000000000000000       0x31 build/sky/contiki-ng-sky.a(random.o)
 .comment       0x0000000000000000       0x31 build/sky/contiki-ng-sky.a(serial-line.o)
 .comment       0x0000000000000000       0x31 build/sky/contiki-ng-sky.a(linkaddr.o)
 .comment       0x0000000000000000       0x31 build/sky/contiki-ng-sky.a(netstack.o)
 .comment       0x0000000000000000       0x31 build/sky/contiki-ng-sky.a(queuebuf.o)
 .comment       0x0000000000000000       0x31 build/sky/contiki-ng-sky.a(csma.o)
 .comment       0x0000000000000000       0x31 build/sky/contiki-ng-sky.a(nullnet.o)
 .comment       0x0000000000000000       0x31 build/sky/contiki-ng-sky.a(nullrouting.o)
 .comment       0x0000000000000000       0x31 build/sky/contiki-ng-sky.a(contiki-sky-pla)
 .comment       0x0000000000000000       0x31 build/sky/contiki-ng-sky.a(button-sensor.o)
 .comment       0x0000000000000000       0x31 build/sky/contiki-ng-sky.a(ds2411.o)
 .comment       0x0000000000000000       0x31 build/sky/contiki-ng-sky.a(xmem.o)
 .comment       0x0000000000000000       0x31 build/sky/contiki-ng-sky.a(sensors.o)
 .comment       0x0000000000000000       0x31 build/sky/contiki-ng-sky.a(cc2420.o)
 .comment       0x0000000000000000       0x31 build/sky/contiki-ng-sky.a(cc2420-arch.o)
 .comment       0x0000000000000000       0x31 build/sky/contiki-ng-sky.a(uart1.o)
 .comment       0x0000000000000000       0x31 build/sky/contiki-ng-sky.a(rtimer-arch.o)
 .comment       0x0000000000000000       0x31 build/sky/contiki-ng-sky.a(memb.o)
 .comment       0x0000000000000000       0x31 build/sky/contiki-ng-sky.a(ringbuf.o)
 .comment       0x0000000000000000       0x31 build/sky/contiki-ng-sky.a(packetbuf.o)
 .comment       0x0000000000000000       0x31 build/sky/contiki-ng-sky.a(mac-sequence.o)
 .comment       0x0000000000000000       0x31 build/sky/contiki-ng-sky.a(framer-802154.o)
 .comment       0x0000000000000000       0x31 build/sky/contiki-ng-sky.a(csma-output.o)
 .comment       0x0000000000000000       0x31 build/sky/contiki-ng-sky.a(csma-security.o)
 .comment       0x0000000000000000       0x31 build/sky/contiki-ng-sky.a(spi-legacy.o)
 .comment       0x0000000000000000       0x31 build/sky/contiki-ng-sky.a(mac.o)
 .comment       0x0000000000000000       0x31 build/sky/contiki-ng-sky.a(frame802154.o)
 .comment       0x0000000000000000       0x31 /usr/local/bin/../lib/gcc/msp430/4.7.4/../../../../msp430/lib/mmpy-16/libc.a(printf.o)
 .comment       0x0000000000000000       0x31 /usr/local/bin/../lib/gcc/msp430/4.7.4/../../../../msp430/lib/mmpy-16/libc.a(vuprintf.o)
 .comment       0x0000000000000000       0x31 /usr/local/bin/../lib/gcc/msp430/4.7.4/../../../../msp430/lib/mmpy-16/libc.a(puts.o)
 .comment       0x0000000000000000       0x31 /usr/local/bin/../lib/gcc/msp430/4.7.4/../../../../msp430/lib/mmpy-16/libc.a(rand.o)
 .comment       0x0000000000000000       0x31 /usr/local/bin/../lib/gcc/msp430/4.7.4/../../../../msp430/lib/mmpy-16/libc.a(memcmp.o)
 .comment       0x0000000000000000       0x31 /usr/local/bin/../lib/gcc/msp430/4.7.4/../../../../msp430/lib/mmpy-16/libc.a(memcpy.o)
 .comment       0x0000000000000000       0x31 /usr/local/bin/../lib/gcc/msp430/4.7.4/../../../../msp430/lib/mmpy-16/libc.a(memset.o)

.debug
 *(.debug)

.line
 *(.line)

.debug_srcinfo
 *(.debug_srcinfo)

.debug_sfnames
 *(.debug_sfnames)

.debug_aranges  0x0000000000000000      0x18c
 *(.debug_aranges)
 .debug_aranges
                0x0000000000000000       0x14 /usr/local/bin/../lib/gcc/msp430/4.7.4/mmpy-16/crt0ivtbl16.o
 .debug_aranges
                0x0000000000000014       0x14 /usr/local/bin/../lib/gcc/msp430/4.7.4/mmpy-16/libgcc.a(_divmod16.o)
 .debug_aranges
                0x0000000000000028       0x14 /usr/local/bin/../lib/gcc/msp430/4.7.4/mmpy-16/libgcc.a(_udivmod32.o)
 .debug_aranges
                0x000000000000003c       0x14 /usr/local/bin/../lib/gcc/msp430/4.7.4/mmpy-16/libgcc.a(_udivmod16.o)
 .debug_aranges
                0x0000000000000050       0x18 /usr/local/bin/../lib/gcc/msp430/4.7.4/../../../../msp430/lib/mmpy-16/libc.a(printf.o)
 .debug_aranges
                0x0000000000000068       0x18 /usr/local/bin/../lib/gcc/msp430/4.7.4/../../../../msp430/lib/mmpy-16/libc.a(vuprintf.o)
 .debug_aranges
                0x0000000000000080       0x14 /usr/local/bin/../lib/gcc/msp430/4.7.4/../../../../msp430/lib/mmpy-16/libc.a(puts.o)
 .debug_aranges
                0x0000000000000094       0x1c /usr/local/bin/../lib/gcc/msp430/4.7.4/../../../../msp430/lib/mmpy-16/libc.a(rand.o)
 .debug_aranges
                0x00000000000000b0       0x14 /usr/local/bin/../lib/gcc/msp430/4.7.4/../../../../msp430/lib/mmpy-16/libc.a(memcmp.o)
 .debug_aranges
                0x00000000000000c4       0x14 /usr/local/bin/../lib/gcc/msp430/4.7.4/../../../../msp430/lib/mmpy-16/libc.a(memcpy.o)
 .debug_aranges
                0x00000000000000d8       0x14 /usr/local/bin/../lib/gcc/msp430/4.7.4/../../../../msp430/lib/mmpy-16/libc.a(memset.o)
 .debug_aranges
                0x00000000000000ec       0x14 /usr/local/bin/../lib/gcc/msp430/4.7.4/mmpy-16/libgcc.a(_mulsi3.o)
 .debug_aranges
                0x0000000000000100       0x14 /usr/local/bin/../lib/gcc/msp430/4.7.4/mmpy-16/libgcc.a(_udivmod64.o)
 .debug_aranges
                0x0000000000000114       0x14 /usr/local/bin/../lib/gcc/msp430/4.7.4/mmpy-16/libcrt0.a(__watchdog_support.o)
 .debug_aranges
                0x0000000000000128       0x14 /usr/local/bin/../lib/gcc/msp430/4.7.4/mmpy-16/libcrt0.a(__init_stack.o)
 .debug_aranges
                0x000000000000013c       0x14 /usr/local/bin/../lib/gcc/msp430/4.7.4/mmpy-16/libcrt0.a(_copy_data.o)
 .debug_aranges
                0x0000000000000150       0x14 /usr/local/bin/../lib/gcc/msp430/4.7.4/mmpy-16/libcrt0.a(_clear_bss.o)
 .debug_aranges
                0x0000000000000164       0x14 /usr/local/bin/../lib/gcc/msp430/4.7.4/mmpy-16/libcrt0.a(_endless_loop__.o)
 .debug_aranges
                0x0000000000000178       0x14 /usr/local/bin/../lib/gcc/msp430/4.7.4/mmpy-16/libcrt0.a(_unexpected_.o)

.debug_pubnames
 *(.debug_pubnames)

.debug_info     0x0000000000000000     0x133a
 *(.debug_info)
 .debug_info    0x0000000000000000       0x94 /usr/local/bin/../lib/gcc/msp430/4.7.4/mmpy-16/crt0ivtbl16.o
 .debug_info    0x0000000000000094       0x91 /usr/local/bin/../lib/gcc/msp430/4.7.4/mmpy-16/libgcc.a(_divmod16.o)
 .debug_info    0x0000000000000125       0x91 /usr/local/bin/../lib/gcc/msp430/4.7.4/mmpy-16/libgcc.a(_udivmod32.o)
 .debug_info    0x00000000000001b6       0x91 /usr/local/bin/../lib/gcc/msp430/4.7.4/mmpy-16/libgcc.a(_udivmod16.o)
 .debug_info    0x0000000000000247      0x16e /usr/local/bin/../lib/gcc/msp430/4.7.4/../../../../msp430/lib/mmpy-16/libc.a(printf.o)
 .debug_info    0x00000000000003b5      0x5d4 /usr/local/bin/../lib/gcc/msp430/4.7.4/../../../../msp430/lib/mmpy-16/libc.a(vuprintf.o)
 .debug_info    0x0000000000000989       0xc7 /usr/local/bin/../lib/gcc/msp430/4.7.4/../../../../msp430/lib/mmpy-16/libc.a(puts.o)
 .debug_info    0x0000000000000a50      0x146 /usr/local/bin/../lib/gcc/msp430/4.7.4/../../../../msp430/lib/mmpy-16/libc.a(rand.o)
 .debug_info    0x0000000000000b96       0xe5 /usr/local/bin/../lib/gcc/msp430/4.7.4/../../../../msp430/lib/mmpy-16/libc.a(memcmp.o)
 .debug_info    0x0000000000000c7b      0x12c /usr/local/bin/../lib/gcc/msp430/4.7.4/../../../../msp430/lib/mmpy-16/libc.a(memcpy.o)
 .debug_info    0x0000000000000da7      0x117 /usr/local/bin/../lib/gcc/msp430/4.7.4/../../../../msp430/lib/mmpy-16/libc.a(memset.o)
 .debug_info    0x0000000000000ebe       0x91 /usr/local/bin/../lib/gcc/msp430/4.7.4/mmpy-16/libgcc.a(_mulsi3.o)
 .debug_info    0x0000000000000f4f       0x91 /usr/local/bin/../lib/gcc/msp430/4.7.4/mmpy-16/libgcc.a(_udivmod64.o)
 .debug_info    0x0000000000000fe0       0x8f /usr/local/bin/../lib/gcc/msp430/4.7.4/mmpy-16/libcrt0.a(__watchdog_support.o)
 .debug_info    0x000000000000106f       0x8f /usr/local/bin/../lib/gcc/msp430/4.7.4/mmpy-16/libcrt0.a(__init_stack.o)
 .debug_info    0x00000000000010fe       0x8f /usr/local/bin/../lib/gcc/msp430/4.7.4/mmpy-16/libcrt0.a(_copy_data.o)
 .debug_info    0x000000000000118d       0x8f /usr/local/bin/../lib/gcc/msp430/4.7.4/mmpy-16/libcrt0.a(_clear_bss.o)
 .debug_info    0x000000000000121c       0x8f /usr/local/bin/../lib/gcc/msp430/4.7.4/mmpy-16/libcrt0.a(_endless_loop__.o)
 .debug_info    0x00000000000012ab       0x8f /usr/local/bin/../lib/gcc/msp430/4.7.4/mmpy-16/libcrt0.a(_unexpected_.o)
 *(.gnu.linkonce.wi.*)

.debug_abbrev   0x0000000000000000      0x7b0
 *(.debug_abbrev)
 .debug_abbrev  0x0000000000000000       0x14 /usr/local/bin/../lib/gcc/msp430/4.7.4/mmpy-16/crt0ivtbl16.o
 .debug_abbrev  0x0000000000000014       0x14 /usr/local/bin/../lib/gcc/msp430/4.7.4/mmpy-16/libgcc.a(_divmod16.o)
 .debug_abbrev  0x0000000000000028       0x14 /usr/local/bin/../lib/gcc/msp430/4.7.4/mmpy-16/libgcc.a(_udivmod32.o)
 .debug_abbrev  0x000000000000003c       0x14 /usr/local/bin/../lib/gcc/msp430/4.7.4/mmpy-16/libgcc.a(_udivmod16.o)
 .debug_abbrev  0x0000000000000050       0xfa /usr/local/bin/../lib/gcc/msp430/4.7.4/../../../../msp430/lib/mmpy-16/libc.a(printf.o)
 .debug_abbrev  0x000000000000014a      0x23e /usr/local/bin/../lib/gcc/msp430/4.7.4/../../../../msp430/lib/mmpy-16/libc.a(vuprintf.o)
 .debug_abbrev  0x0000000000000388       0xa3 /usr/local/bin/../lib/gcc/msp430/4.7.4/../../../../msp430/lib/mmpy-16/libc.a(puts.o)
 .debug_abbrev  0x000000000000042b       0xfb /usr/local/bin/../lib/gcc/msp430/4.7.4/../../../../msp430/lib/mmpy-16/libc.a(rand.o)
 .debug_abbrev  0x0000000000000526       0x9e /usr/local/bin/../lib/gcc/msp430/4.7.4/../../../../msp430/lib/mmpy-16/libc.a(memcmp.o)
 .debug_abbrev  0x00000000000005c4       0xab /usr/local/bin/../lib/gcc/msp430/4.7.4/../../../../msp430/lib/mmpy-16/libc.a(memcpy.o)
 .debug_abbrev  0x000000000000066f       0xa1 /usr/local/bin/../lib/gcc/msp430/4.7.4/../../../../msp430/lib/mmpy-16/libc.a(memset.o)
 .debug_abbrev  0x0000000000000710       0x14 /usr/local/bin/../lib/gcc/msp430/4.7.4/mmpy-16/libgcc.a(_mulsi3.o)
 .debug_abbrev  0x0000000000000724       0x14 /usr/local/bin/../lib/gcc/msp430/4.7.4/mmpy-16/libgcc.a(_udivmod64.o)
 .debug_abbrev  0x0000000000000738       0x14 /usr/local/bin/../lib/gcc/msp430/4.7.4/mmpy-16/libcrt0.a(__watchdog_support.o)
 .debug_abbrev  0x000000000000074c       0x14 /usr/local/bin/../lib/gcc/msp430/4.7.4/mmpy-16/libcrt0.a(__init_stack.o)
 .debug_abbrev  0x0000000000000760       0x14 /usr/local/bin/../lib/gcc/msp430/4.7.4/mmpy-16/libcrt0.a(_copy_data.o)
 .debug_abbrev  0x0000000000000774       0x14 /usr/local/bin/../lib/gcc/msp430/4.7.4/mmpy-16/libcrt0.a(_clear_bss.o)
 .debug_abbrev  0x0000000000000788       0x14 /usr/local/bin/../lib/gcc/msp430/4.7.4/mmpy-16/libcrt0.a(_endless_loop__.o)
 .debug_abbrev  0x000000000000079c       0x14 /usr/local/bin/../lib/gcc/msp430/4.7.4/mmpy-16/libcrt0.a(_unexpected_.o)

.debug_line     0x0000000000000000      0xc59
 *(.debug_line)
 .debug_line    0x0000000000000000       0x64 /usr/local/bin/../lib/gcc/msp430/4.7.4/mmpy-16/crt0ivtbl16.o
 .debug_line    0x0000000000000064       0x7b /usr/local/bin/../lib/gcc/msp430/4.7.4/mmpy-16/libgcc.a(_divmod16.o)
 .debug_line    0x00000000000000df       0x7f /usr/local/bin/../lib/gcc/msp430/4.7.4/mmpy-16/libgcc.a(_udivmod32.o)
 .debug_line    0x000000000000015e       0x70 /usr/local/bin/../lib/gcc/msp430/4.7.4/mmpy-16/libgcc.a(_udivmod16.o)
 .debug_line    0x00000000000001ce       0xa3 /usr/local/bin/../lib/gcc/msp430/4.7.4/../../../../msp430/lib/mmpy-16/libc.a(printf.o)
 .debug_line    0x0000000000000271      0x305 /usr/local/bin/../lib/gcc/msp430/4.7.4/../../../../msp430/lib/mmpy-16/libc.a(vuprintf.o)
 .debug_line    0x0000000000000576       0x65 /usr/local/bin/../lib/gcc/msp430/4.7.4/../../../../msp430/lib/mmpy-16/libc.a(puts.o)
 .debug_line    0x00000000000005db       0x68 /usr/local/bin/../lib/gcc/msp430/4.7.4/../../../../msp430/lib/mmpy-16/libc.a(rand.o)
 .debug_line    0x0000000000000643       0x89 /usr/local/bin/../lib/gcc/msp430/4.7.4/../../../../msp430/lib/mmpy-16/libc.a(memcmp.o)
 .debug_line    0x00000000000006cc      0x112 /usr/local/bin/../lib/gcc/msp430/4.7.4/../../../../msp430/lib/mmpy-16/libc.a(memcpy.o)
 .debug_line    0x00000000000007de       0xec /usr/local/bin/../lib/gcc/msp430/4.7.4/../../../../msp430/lib/mmpy-16/libc.a(memset.o)
 .debug_line    0x00000000000008ca       0x77 /usr/local/bin/../lib/gcc/msp430/4.7.4/mmpy-16/libgcc.a(_mulsi3.o)
 .debug_line    0x0000000000000941       0xc9 /usr/local/bin/../lib/gcc/msp430/4.7.4/mmpy-16/libgcc.a(_udivmod64.o)
 .debug_line    0x0000000000000a0a       0x62 /usr/local/bin/../lib/gcc/msp430/4.7.4/mmpy-16/libcrt0.a(__watchdog_support.o)
 .debug_line    0x0000000000000a6c       0x60 /usr/local/bin/../lib/gcc/msp430/4.7.4/mmpy-16/libcrt0.a(__init_stack.o)
 .debug_line    0x0000000000000acc       0x66 /usr/local/bin/../lib/gcc/msp430/4.7.4/mmpy-16/libcrt0.a(_copy_data.o)
 .debug_line    0x0000000000000b32       0x66 /usr/local/bin/../lib/gcc/msp430/4.7.4/mmpy-16/libcrt0.a(_clear_bss.o)
 .debug_line    0x0000000000000b98       0x61 /usr/local/bin/../lib/gcc/msp430/4.7.4/mmpy-16/libcrt0.a(_endless_loop__.o)
 .debug_line    0x0000000000000bf9       0x60 /usr/local/bin/../lib/gcc/msp430/4.7.4/mmpy-16/libcrt0.a(_unexpected_.o)

.debug_frame    0x0000000000000000      0x1b6
 *(.debug_frame)
 .debug_frame   0x0000000000000000       0x2a /usr/local/bin/../lib/gcc/msp430/4.7.4/../../../../msp430/lib/mmpy-16/libc.a(printf.o)
 .debug_frame   0x000000000000002a       0xa0 /usr/local/bin/../lib/gcc/msp430/4.7.4/../../../../msp430/lib/mmpy-16/libc.a(vuprintf.o)
 .debug_frame   0x00000000000000ca       0x24 /usr/local/bin/../lib/gcc/msp430/4.7.4/../../../../msp430/lib/mmpy-16/libc.a(puts.o)
 .debug_frame   0x00000000000000ee       0x3c /usr/local/bin/../lib/gcc/msp430/4.7.4/../../../../msp430/lib/mmpy-16/libc.a(rand.o)
 .debug_frame   0x000000000000012a       0x28 /usr/local/bin/../lib/gcc/msp430/4.7.4/../../../../msp430/lib/mmpy-16/libc.a(memcmp.o)
 .debug_frame   0x0000000000000152       0x32 /usr/local/bin/../lib/gcc/msp430/4.7.4/../../../../msp430/lib/mmpy-16/libc.a(memcpy.o)
 .debug_frame   0x0000000000000184       0x32 /usr/local/bin/../lib/gcc/msp430/4.7.4/../../../../msp430/lib/mmpy-16/libc.a(memset.o)

.debug_str      0x0000000000000000      0x3cf
 *(.debug_str)
 .debug_str     0x0000000000000000       0xe7 /usr/local/bin/../lib/gcc/msp430/4.7.4/../../../../msp430/lib/mmpy-16/libc.a(printf.o)
                                        0x12f (size before relaxing)
 .debug_str     0x00000000000000e7      0x218 /usr/local/bin/../lib/gcc/msp430/4.7.4/../../../../msp430/lib/mmpy-16/libc.a(vuprintf.o)
                                        0x37a (size before relaxing)
 .debug_str     0x00000000000002ff       0x1d /usr/local/bin/../lib/gcc/msp430/4.7.4/../../../../msp430/lib/mmpy-16/libc.a(puts.o)
                                         0xf4 (size before relaxing)
 .debug_str     0x000000000000031c       0x2f /usr/local/bin/../lib/gcc/msp430/4.7.4/../../../../msp430/lib/mmpy-16/libc.a(rand.o)